Archive member included to satisfy reference by file (symbol)

C:/devkitPro/libnds/lib\libnds9.a(touch.o)
                              Player.o (touchRead)
C:/devkitPro/libnds/lib\libnds9.a(console.o)
                              main.o (consoleDemoInit)
C:/devkitPro/libnds/lib\libnds9.a(keys.o)
                              main.o (scanKeys)
C:/devkitPro/libnds/lib\libnds9.a(initSystem.o)
                              c:/devkitpro/devkitarm/bin/../lib/gcc/arm-none-eabi/8.2.0/../../../../arm-none-eabi/lib/thumb/ds_arm9_crt0.o (initSystem)
C:/devkitPro/libnds/lib\libnds9.a(timeSupport.o)
                              C:/devkitPro/libnds/lib\libnds9.a(initSystem.o) (__libnds_gtod)
C:/devkitPro/libnds/lib\libnds9.a(securearea.o)
                              c:/devkitpro/devkitarm/bin/../lib/gcc/arm-none-eabi/8.2.0/../../../../arm-none-eabi/lib/thumb/ds_arm9_crt0.o (__secure_area__)
C:/devkitPro/libnds/lib\libnds9.a(interrupts.o)
                              C:/devkitPro/libnds/lib\libnds9.a(initSystem.o) (irqInit)
C:/devkitPro/libnds/lib\libnds9.a(libnds_exit.arm.o)
                              c:/devkitpro/devkitarm/bin/../lib/gcc/arm-none-eabi/8.2.0/../../../../arm-none-eabi/lib/thumb/ds_arm9_crt0.o (__libnds_exit)
C:/devkitPro/libnds/lib\libnds9.a(fifosystem.o)
                              C:/devkitPro/libnds/lib\libnds9.a(initSystem.o) (fifoSetValue32Handler)
C:/devkitPro/libnds/lib\libnds9.a(mpu_setup.o)
                              c:/devkitpro/devkitarm/bin/../lib/gcc/arm-none-eabi/8.2.0/../../../../arm-none-eabi/lib/thumb/ds_arm9_crt0.o (__libnds_mpu_setup)
C:/devkitPro/libnds/lib\libnds9.a(IntrWait.o)
                              main.o (swiWaitForVBlank)
C:/devkitPro/libnds/lib\libnds9.a(cpu_clock.o)
                              C:/devkitPro/libnds/lib\libnds9.a(initSystem.o) (setCpuClock)
C:/devkitPro/libnds/lib\libnds9.a(interruptDispatcher.o)
                              C:/devkitPro/libnds/lib\libnds9.a(interrupts.o) (IntrMain)
C:/devkitPro/libnds/lib\libnds9.a(debugprint.o)
                              C:/devkitPro/libnds/lib\libnds9.a(console.o) (nocashWrite)
C:/devkitPro/libnds/lib\libnds9.a(swiSoftReset.o)
                              C:/devkitPro/libnds/lib\libnds9.a(fifosystem.o) (swiSoftReset)
C:/devkitPro/libnds/lib\libnds9.a(default_font.bin.o)
                              C:/devkitPro/libnds/lib\libnds9.a(console.o) (default_font_bin)
C:/devkitPro/libnds/lib\libnds9.a(background.o)
                              C:/devkitPro/libnds/lib\libnds9.a(console.o) (bgState)
C:/devkitPro/libnds/lib\libnds9.a(video.o)
                              C:/devkitPro/libnds/lib\libnds9.a(initSystem.o) (vramDefault)
C:/devkitPro/libnds/lib\libnds9.a(system.o)
                              C:/devkitPro/libnds/lib\libnds9.a(initSystem.o) (systemValueHandler)
C:/devkitPro/libnds/lib\libnds9.a(trig.o)
                              C:/devkitPro/libnds/lib\libnds9.a(background.o) (sinLerp)
C:/devkitPro/libnds/lib\libnds9.a(biosCalls.o)
                              C:/devkitPro/libnds/lib\libnds9.a(system.o) (swiDelay)
c:/devkitpro/devkitarm/bin/../lib/gcc/arm-none-eabi/8.2.0/thumb\libgcc.a(_divsi3.o)
                              C:/devkitPro/libnds/lib\libnds9.a(console.o) (__aeabi_idivmod)
c:/devkitpro/devkitarm/bin/../lib/gcc/arm-none-eabi/8.2.0/thumb\libgcc.a(_dvmd_tls.o)
                              c:/devkitpro/devkitarm/bin/../lib/gcc/arm-none-eabi/8.2.0/thumb\libgcc.a(_divsi3.o) (__aeabi_idiv0)
c:/devkitpro/devkitarm/bin/../lib/gcc/arm-none-eabi/8.2.0/../../../../arm-none-eabi/lib/thumb\libg.a(lib_a-bsearch.o)
                              C:/devkitPro/libnds/lib\libnds9.a(trig.o) (bsearch)
c:/devkitpro/devkitarm/bin/../lib/gcc/arm-none-eabi/8.2.0/../../../../arm-none-eabi/lib/thumb\libg.a(lib_a-init.o)
                              c:/devkitpro/devkitarm/bin/../lib/gcc/arm-none-eabi/8.2.0/../../../../arm-none-eabi/lib/thumb/ds_arm9_crt0.o (__libc_init_array)
c:/devkitpro/devkitarm/bin/../lib/gcc/arm-none-eabi/8.2.0/../../../../arm-none-eabi/lib/thumb\libg.a(lib_a-iprintf.o)
                              main.o (iprintf)
c:/devkitpro/devkitarm/bin/../lib/gcc/arm-none-eabi/8.2.0/../../../../arm-none-eabi/lib/thumb\libg.a(lib_a-memcpy-stub.o)
                              C:/devkitPro/libnds/lib\libnds9.a(console.o) (memcpy)
c:/devkitpro/devkitarm/bin/../lib/gcc/arm-none-eabi/8.2.0/../../../../arm-none-eabi/lib/thumb\libg.a(lib_a-memset.o)
                              C:/devkitPro/libnds/lib\libnds9.a(background.o) (memset)
c:/devkitpro/devkitarm/bin/../lib/gcc/arm-none-eabi/8.2.0/../../../../arm-none-eabi/lib/thumb\libg.a(lib_a-setvbuf.o)
                              C:/devkitPro/libnds/lib\libnds9.a(console.o) (setvbuf)
c:/devkitpro/devkitarm/bin/../lib/gcc/arm-none-eabi/8.2.0/../../../../arm-none-eabi/lib/thumb\libg.a(lib_a-siscanf.o)
                              C:/devkitPro/libnds/lib\libnds9.a(console.o) (siscanf)
[...]
Memory Configuration

Name             Origin             Length             Attributes
ewram            0x0000000002000000 0x0000000000380000
dtcm             0x000000000b000000 0x0000000000004000
vectors          0x0000000001000000 0x0000000000000100
itcm             0x0000000001000100 0x0000000000007f00
*default*        0x0000000000000000 0xffffffffffffffff

Linker script and memory map

                0x0000000002380000                __ewram_end = (ORIGIN (ewram) + LENGTH (ewram))
                0x0000000002380000                __eheap_end = (ORIGIN (ewram) + LENGTH (ewram))
                0x000000000b004000                __dtcm_top = (ORIGIN (dtcm) + LENGTH (dtcm))
                0x000000000b003ff8                __irq_flags = (__dtcm_top - 0x8)
                0x000000000b003ffc                __irq_vector = (__dtcm_top - 0x4)
                0x000000000b003f00                __sp_svc = (__dtcm_top - 0x100)
                0x000000000b003e00                __sp_irq = (__sp_svc - 0x100)
                0x000000000b003d00                __sp_usr = (__sp_irq - 0x100)

.secure         0x0000000002000000      0x800
 *(.secure)
 .secure        0x0000000002000000      0x800 C:/devkitPro/libnds/lib\libnds9.a(securearea.o)
                0x0000000002000000                __secure_area__

.crt0           0x0000000002000800      0x300
                0x0000000002000800                __text_start = .
 *(.crt0)
 .crt0          0x0000000002000800      0x300 c:/devkitpro/devkitarm/bin/../lib/gcc/arm-none-eabi/8.2.0/../../../../arm-none-eabi/lib/thumb/ds_arm9_crt0.o
                0x0000000002000800                _start
                0x0000000002000b00                . = ALIGN (0x4)

.plt
 *(.plt)

.init           0x0000000002000b00        0xc
 *(SORT_NONE(.init))
 .init          0x0000000002000b00        0x4 c:/devkitpro/devkitarm/bin/../lib/gcc/arm-none-eabi/8.2.0/thumb/crti.o
                0x0000000002000b00                _init
 .init          0x0000000002000b04        0x8 c:/devkitpro/devkitarm/bin/../lib/gcc/arm-none-eabi/8.2.0/thumb/crtn.o

.text           0x0000000002000b10     0x96c8
 *(EXCLUDE_FILE(*.twl* *.vectors* *.itcm*) .text)
 .text          0x0000000002000b10       0x64 main.o
                0x0000000002000b10                newGame(Grid&, Player const&, bool)
 .text          0x0000000002000b74      0x190 Player.o
                0x0000000002000b74                Player::move() const
                0x0000000002000ca4                Player::checkX(unsigned char&, unsigned long) const
                0x0000000002000cd4                Player::checkY(unsigned char&, unsigned long) const
 .text          0x0000000002000d04      0x1b0 Grid.o
                0x0000000002000d04                Grid::Grid()
                0x0000000002000d04                Grid::Grid()
                0x0000000002000d1c                Grid::init()
                0x0000000002000d34                Grid::print() const
                0x0000000002000d68                Grid::setTile(unsigned char, unsigned char, char)
                0x0000000002000d80                Grid::check() const
                0x0000000002000e90                Grid::tie() const
 .text          0x0000000002000eb4      0x150 c:/devkitpro/devkitarm/bin/../lib/gcc/arm-none-eabi/8.2.0/thumb\libgcc.a(_divsi3.o)
                0x0000000002000eb4                __divsi3
                0x0000000002000eb4                __aeabi_idiv
                0x0000000002000fe4                __aeabi_idivmod
 .text          0x0000000002001004        0x4 c:/devkitpro/devkitarm/bin/../lib/gcc/arm-none-eabi/8.2.0/thumb\libgcc.a(_dvmd_tls.o)
                0x0000000002001004                __aeabi_idiv0
                0x0000000002001004                __aeabi_ldiv0
 .text          0x0000000002001008      0x224 c:/devkitpro/devkitarm/bin/../lib/gcc/arm-none-eabi/8.2.0/../../../../arm-none-eabi/lib/thumb\libg.a(lib_a-strcmp.o)
                0x0000000002001008                strcmp
 .text          0x000000000200122c       0x14 c:/devkitpro/devkitarm/bin/../lib/gcc/arm-none-eabi/8.2.0/thumb\libgcc.a(_thumb1_case_uqi.o)
                0x000000000200122c                __gnu_thumb1_case_uqi
 .text          0x0000000002001240       0x14 c:/devkitpro/devkitarm/bin/../lib/gcc/arm-none-eabi/8.2.0/thumb\libgcc.a(_thumb1_case_uhi.o)
                0x0000000002001240                __gnu_thumb1_case_uhi
 .text          0x0000000002001254      0x11c c:/devkitpro/devkitarm/bin/../lib/gcc/arm-none-eabi/8.2.0/thumb\libgcc.a(_udivsi3.o)
                0x0000000002001254                __aeabi_uidiv
                0x0000000002001254                __udivsi3
                0x0000000002001350                __aeabi_uidivmod
 .text          0x0000000002001370       0x3c c:/devkitpro/devkitarm/bin/../lib/gcc/arm-none-eabi/8.2.0/thumb\libgcc.a(_aeabi_uldivmod.o)
                0x0000000002001370                __aeabi_uldivmod
 .text          0x00000000020013ac       0x28 c:/devkitpro/devkitarm/bin/../lib/gcc/arm-none-eabi/8.2.0/thumb\libgcc.a(_clzdi2.o)
                0x00000000020013ac                __clzdi2
 .text          0x00000000020013d4       0x48 c:/devkitpro/devkitarm/bin/../lib/gcc/arm-none-eabi/8.2.0/thumb\libgcc.a(_clzsi2.o)
                0x00000000020013d4                __clzsi2
 *(EXCLUDE_FILE(*.twl* *.vectors* *.itcm*) .stub)
 *(EXCLUDE_FILE(*.twl* *.vectors* *.itcm*) .text.*)
 .text.deregister_tm_clones
                0x000000000200141c       0x2c c:/devkitpro/devkitarm/bin/../lib/gcc/arm-none-eabi/8.2.0/thumb/crtbegin.o
 .text.register_tm_clones
                0x0000000002001448       0x34 c:/devkitpro/devkitarm/bin/../lib/gcc/arm-none-eabi/8.2.0/thumb/crtbegin.o
 .text.__do_global_dtors_aux
                0x000000000200147c       0x30 c:/devkitpro/devkitarm/bin/../lib/gcc/arm-none-eabi/8.2.0/thumb/crtbegin.o
 .text.frame_dummy
                0x00000000020014ac       0x28 c:/devkitpro/devkitarm/bin/../lib/gcc/arm-none-eabi/8.2.0/thumb/crtbegin.o
 .text.startup  0x00000000020014d4      0x178 main.o
                0x00000000020014d4                main
 .text.touchRead
                0x000000000200164c       0x24 C:/devkitPro/libnds/lib\libnds9.a(touch.o)
                0x000000000200164c                touchRead
 .text.newRow   0x0000000002001670       0xb4 C:/devkitPro/libnds/lib\libnds9.a(console.o)
 .text.consolePrintChar
                0x0000000002001724       0xec C:/devkitPro/libnds/lib\libnds9.a(console.o)
                0x0000000002001724                consolePrintChar
 .text.consoleCls
                0x0000000002001810       0xe0 C:/devkitPro/libnds/lib\libnds9.a(console.o)
 .text.consoleLoadFont
                0x00000000020018f0      0x280 C:/devkitPro/libnds/lib\libnds9.a(console.o)
                0x00000000020018f0                consoleLoadFont
 .text.consoleInit
                0x0000000002001b70      0x15c C:/devkitPro/libnds/lib\libnds9.a(console.o)
                0x0000000002001b70                consoleInit
 .text.consoleDemoInit
                0x0000000002001ccc       0x40 C:/devkitPro/libnds/lib\libnds9.a(console.o)
                0x0000000002001ccc                consoleDemoInit
 .text.con_write
                0x0000000002001d0c      0x27c C:/devkitPro/libnds/lib\libnds9.a(console.o)
                0x0000000002001d0c                con_write
 .text.scanKeys
                0x0000000002001f88       0x8c C:/devkitPro/libnds/lib\libnds9.a(keys.o)
                0x0000000002001f88                scanKeys
 .text.keysDown
                0x0000000002002014       0x14 C:/devkitPro/libnds/lib\libnds9.a(keys.o)
                0x0000000002002014                keysDown
 .text.initSystem
                0x0000000002002028      0x198 C:/devkitPro/libnds/lib\libnds9.a(initSystem.o)
                0x0000000002002028                initSystem
 .text.__libnds_gtod
                0x00000000020021c0       0x28 C:/devkitPro/libnds/lib\libnds9.a(timeSupport.o)
                0x00000000020021c0                __libnds_gtod
 .text.irqDummy
                0x00000000020021e8        0x4 C:/devkitPro/libnds/lib\libnds9.a(interrupts.o)
                0x00000000020021e8                irqDummy
 .text.irqSet   0x00000000020021ec       0x6c C:/devkitPro/libnds/lib\libnds9.a(interrupts.o)
                0x00000000020021ec                irqSet
 .text.irqInit  0x0000000002002258       0x50 C:/devkitPro/libnds/lib\libnds9.a(interrupts.o)
                0x0000000002002258                irqInit
 .text.irqEnable
                0x00000000020022a8       0x64 C:/devkitPro/libnds/lib\libnds9.a(interrupts.o)
                0x00000000020022a8                irqEnable
 .text.systemErrorExit
                0x000000000200230c        0x4 C:/devkitPro/libnds/lib\libnds9.a(libnds_exit.arm.o)
                0x000000000200230c                systemErrorExit
 .text.__libnds_exit
                0x0000000002002310       0x5c C:/devkitPro/libnds/lib\libnds9.a(libnds_exit.arm.o)
                0x0000000002002310                __libnds_exit
 .text.fifo_waitBlock
                0x000000000200236c       0x80 C:/devkitPro/libnds/lib\libnds9.a(fifosystem.o)
 .text.fifo_queueBlock
                0x00000000020023ec       0x40 C:/devkitPro/libnds/lib\libnds9.a(fifosystem.o)
 .text.fifoInternalSendInterrupt
                0x000000000200242c       0xac C:/devkitPro/libnds/lib\libnds9.a(fifosystem.o)
 .text.fifoInternalSend.part.2
                0x00000000020024d8       0xd4 C:/devkitPro/libnds/lib\libnds9.a(fifosystem.o)
 .text.fifoGetValue32.part.3
                0x00000000020025ac       0x74 C:/devkitPro/libnds/lib\libnds9.a(fifosystem.o)
 .text.fifoSetValue32Handler
                0x0000000002002620       0x78 C:/devkitPro/libnds/lib\libnds9.a(fifosystem.o)
                0x0000000002002620                fifoSetValue32Handler
 .text.fifoSendValue32
                0x0000000002002698       0x4c C:/devkitPro/libnds/lib\libnds9.a(fifosystem.o)
                0x0000000002002698                fifoSendValue32
 .text.fifoGetDatamsg
                0x00000000020026e4      0x138 C:/devkitPro/libnds/lib\libnds9.a(fifosystem.o)
                0x00000000020026e4                fifoGetDatamsg
 .text.fifoInternalRecvInterrupt
                0x000000000200281c      0x3dc C:/devkitPro/libnds/lib\libnds9.a(fifosystem.o)
 .text.fifoSetDatamsgHandler
                0x0000000002002bf8       0x9c C:/devkitPro/libnds/lib\libnds9.a(fifosystem.o)
                0x0000000002002bf8                fifoSetDatamsgHandler
 .text.fifoInit
                0x0000000002002c94      0x104 C:/devkitPro/libnds/lib\libnds9.a(fifosystem.o)
                0x0000000002002c94                fifoInit
 .text.__libnds_mpu_setup
                0x0000000002002d98      0x174 C:/devkitPro/libnds/lib\libnds9.a(mpu_setup.o)
                0x0000000002002d98                __libnds_mpu_setup
 .text.memUncached
                0x0000000002002f0c       0x20 C:/devkitPro/libnds/lib\libnds9.a(mpu_setup.o)
                0x0000000002002f0c                memUncached
 .text.swiWaitForVBlank
                0x0000000002002f2c        0x8 C:/devkitPro/libnds/lib\libnds9.a(IntrWait.o)
                0x0000000002002f2c                swiWaitForVBlank
 .text.swiIntrWait
                0x0000000002002f34       0x70 C:/devkitPro/libnds/lib\libnds9.a(IntrWait.o)
                0x0000000002002f34                swiIntrWait
 .text.setCpuClock
                0x0000000002002fa4       0x50 C:/devkitPro/libnds/lib\libnds9.a(cpu_clock.o)
                0x0000000002002fa4                setCpuClock
 .text.swiSoftReset
                0x0000000002002ff4       0x2c C:/devkitPro/libnds/lib\libnds9.a(swiSoftReset.o)
                0x0000000002002ff4                swiSoftReset
 .text.checkIfText.part.0
                0x0000000002003020       0x40 C:/devkitPro/libnds/lib\libnds9.a(background.o)
 .text.bgUpdate
                0x0000000002003060      0x104 C:/devkitPro/libnds/lib\libnds9.a(background.o)
                0x0000000002003060                bgUpdate
 .text.bgInit_call
                0x0000000002003164      0x110 C:/devkitPro/libnds/lib\libnds9.a(background.o)
                0x0000000002003164                bgInit_call
 .text.bgInitSub_call
                0x0000000002003274       0xf4 C:/devkitPro/libnds/lib\libnds9.a(background.o)
                0x0000000002003274                bgInitSub_call
 .text.vramDefault
                0x0000000002003368       0xd0 C:/devkitPro/libnds/lib\libnds9.a(video.o)
                0x0000000002003368                vramDefault
 .text.systemValueHandler
                0x0000000002003438       0x48 C:/devkitPro/libnds/lib\libnds9.a(system.o)
                0x0000000002003438                systemValueHandler
 .text.systemMsgHandler
                0x0000000002003480       0x5c C:/devkitPro/libnds/lib\libnds9.a(system.o)
                0x0000000002003480                systemMsgHandler
 .text.powerOn  0x00000000020034dc       0x2c C:/devkitPro/libnds/lib\libnds9.a(system.o)
                0x00000000020034dc                powerOn
 .text.sinLutLookup
                0x0000000002003508       0x3c C:/devkitPro/libnds/lib\libnds9.a(trig.o)
                0x0000000002003508                sinLutLookup
 .text.sinLerp  0x0000000002003544       0x44 C:/devkitPro/libnds/lib\libnds9.a(trig.o)
                0x0000000002003544                sinLerp
 .text.cosLerp  0x0000000002003588       0x14 C:/devkitPro/libnds/lib\libnds9.a(trig.o)
                0x0000000002003588                cosLerp
 .text.swiDelay
                0x000000000200359c        0x4 C:/devkitPro/libnds/lib\libnds9.a(biosCalls.o)
                0x000000000200359c                swiDelay
 .text.__libc_init_array
                0x00000000020035a0       0x50 c:/devkitpro/devkitarm/bin/../lib/gcc/arm-none-eabi/8.2.0/../../../../arm-none-eabi/lib/thumb\libg.a(lib_a-init.o)
                0x00000000020035a0                __libc_init_array
 .text.iprintf  0x00000000020035f0       0x24 c:/devkitpro/devkitarm/bin/../lib/gcc/arm-none-eabi/8.2.0/../../../../arm-none-eabi/lib/thumb\libg.a(lib_a-iprintf.o)
                0x00000000020035f0                iprintf
 .text.memcpy   0x0000000002003614       0x9c c:/devkitpro/devkitarm/bin/../lib/gcc/arm-none-eabi/8.2.0/../../../../arm-none-eabi/lib/thumb\libg.a(lib_a-memcpy-stub.o)
                0x0000000002003614                memcpy
 .text.memset   0x00000000020036b0       0xb0 c:/devkitpro/devkitarm/bin/../lib/gcc/arm-none-eabi/8.2.0/../../../../arm-none-eabi/lib/thumb\libg.a(lib_a-memset.o)
                0x00000000020036b0                memset
 .text.setvbuf  0x0000000002003760      0x1a0 c:/devkitpro/devkitarm/bin/../lib/gcc/arm-none-eabi/8.2.0/../../../../arm-none-eabi/lib/thumb\libg.a(lib_a-setvbuf.o)
                0x0000000002003760                setvbuf
 .text.siscanf  0x0000000002003900       0x4c c:/devkitpro/devkitarm/bin/../lib/gcc/arm-none-eabi/8.2.0/../../../../arm-none-eabi/lib/thumb\libg.a(lib_a-siscanf.o)
                0x0000000002003900                siscanf
 .text.__sread  0x000000000200394c       0x34 c:/devkitpro/devkitarm/bin/../lib/gcc/arm-none-eabi/8.2.0/../../../../arm-none-eabi/lib/thumb\libg.a(lib_a-stdio.o)
                0x000000000200394c                __sread
 .text.__seofread
                0x0000000002003980        0x4 c:/devkitpro/devkitarm/bin/../lib/gcc/arm-none-eabi/8.2.0/../../../../arm-none-eabi/lib/thumb\libg.a(lib_a-stdio.o)
                0x0000000002003980                __seofread
 .text.__swrite
                0x0000000002003984       0x4c c:/devkitpro/devkitarm/bin/../lib/gcc/arm-none-eabi/8.2.0/../../../../arm-none-eabi/lib/thumb\libg.a(lib_a-stdio.o)
                0x0000000002003984                __swrite
 .text.__sseek  0x00000000020039d0       0x40 c:/devkitpro/devkitarm/bin/../lib/gcc/arm-none-eabi/8.2.0/../../../../arm-none-eabi/lib/thumb\libg.a(lib_a-stdio.o)
                0x00000000020039d0                __sseek
 .text.__sclose
                0x0000000002003a10       0x10 c:/devkitpro/devkitarm/bin/../lib/gcc/arm-none-eabi/8.2.0/../../../../arm-none-eabi/lib/thumb\libg.a(lib_a-stdio.o)
                0x0000000002003a10                __sclose
 .text.strlen   0x0000000002003a20       0x6c c:/devkitpro/devkitarm/bin/../lib/gcc/arm-none-eabi/8.2.0/../../../../arm-none-eabi/lib/thumb\libg.a(lib_a-strlen-stub.o)
                0x0000000002003a20                strlen
 .text.get_arg  0x0000000002003a8c       0x24 c:/devkitpro/devkitarm/bin/../lib/gcc/arm-none-eabi/8.2.0/../../../../arm-none-eabi/lib/thumb\libg.a(lib_a-svfiscanf.o)
 .text._sungetc_r
                0x0000000002003ab0       0x7e c:/devkitpro/devkitarm/bin/../lib/gcc/arm-none-eabi/8.2.0/../../../../arm-none-eabi/lib/thumb\libg.a(lib_a-svfiscanf.o)
                0x0000000002003ab0                _sungetc_r
 .text.__ssrefill_r
                0x0000000002003b2e       0x42 c:/devkitpro/devkitarm/bin/../lib/gcc/arm-none-eabi/8.2.0/../../../../arm-none-eabi/lib/thumb\libg.a(lib_a-svfiscanf.o)
                0x0000000002003b2e                __ssrefill_r
 .text._sfread_r
                0x0000000002003b70       0x8a c:/devkitpro/devkitarm/bin/../lib/gcc/arm-none-eabi/8.2.0/../../../../arm-none-eabi/lib/thumb\libg.a(lib_a-svfiscanf.o)
                0x0000000002003b70                _sfread_r
 *fill*         0x0000000002003bfa        0x2 ff
 .text.__ssvfiscanf_r
                0x0000000002003bfc     0x1b1c c:/devkitpro/devkitarm/bin/../lib/gcc/arm-none-eabi/8.2.0/../../../../arm-none-eabi/lib/thumb\libg.a(lib_a-svfiscanf.o)
                0x0000000002003bfc                __ssvfiscanf_r
 .text.__submore
                0x0000000002005718       0x88 c:/devkitpro/devkitarm/bin/../lib/gcc/arm-none-eabi/8.2.0/../../../../arm-none-eabi/lib/thumb\libg.a(lib_a-ungetc.o)
                0x0000000002005718                __submore
 .text.get_arg  0x00000000020057a0      0x3c8 c:/devkitpro/devkitarm/bin/../lib/gcc/arm-none-eabi/8.2.0/../../../../arm-none-eabi/lib/thumb\libg.a(lib_a-vfiprintf.o)
 .text.__sprint_r
                0x0000000002005b68       0x20 c:/devkitpro/devkitarm/bin/../lib/gcc/arm-none-eabi/8.2.0/../../../../arm-none-eabi/lib/thumb\libg.a(lib_a-vfiprintf.o)
                0x0000000002005b68                __sprint_r
 .text._vfiprintf_r
                0x0000000002005b88     0x17f0 c:/devkitpro/devkitarm/bin/../lib/gcc/arm-none-eabi/8.2.0/../../../../arm-none-eabi/lib/thumb\libg.a(lib_a-vfiprintf.o)
                0x0000000002005b88                _vfiprintf_r
 .text.__sbprintf
                0x0000000002007378       0x8c c:/devkitpro/devkitarm/bin/../lib/gcc/arm-none-eabi/8.2.0/../../../../arm-none-eabi/lib/thumb\libg.a(lib_a-vfiprintf.o)
 .text._wcrtomb_r
                0x0000000002007404       0x84 c:/devkitpro/devkitarm/bin/../lib/gcc/arm-none-eabi/8.2.0/../../../../arm-none-eabi/lib/thumb\libg.a(lib_a-wcrtomb.o)
                0x0000000002007404                _wcrtomb_r
 .text._wcsrtombs_r
                0x0000000002007488       0x1c c:/devkitpro/devkitarm/bin/../lib/gcc/arm-none-eabi/8.2.0/../../../../arm-none-eabi/lib/thumb\libg.a(lib_a-wcsrtombs.o)
                0x0000000002007488                _wcsrtombs_r
 .text.__swsetup_r
                0x00000000020074a4       0xe0 c:/devkitpro/devkitarm/bin/../lib/gcc/arm-none-eabi/8.2.0/../../../../arm-none-eabi/lib/thumb\libg.a(lib_a-wsetup.o)
                0x00000000020074a4                __swsetup_r
 .text.__sflush_r
                0x0000000002007584      0x1b8 c:/devkitpro/devkitarm/bin/../lib/gcc/arm-none-eabi/8.2.0/../../../../arm-none-eabi/lib/thumb\libg.a(lib_a-fflush.o)
                0x0000000002007584                __sflush_r
 .text._fflush_r
                0x000000000200773c       0x70 c:/devkitpro/devkitarm/bin/../lib/gcc/arm-none-eabi/8.2.0/../../../../arm-none-eabi/lib/thumb\libg.a(lib_a-fflush.o)
                0x000000000200773c                _fflush_r
 .text.std      0x00000000020077ac       0x54 c:/devkitpro/devkitarm/bin/../lib/gcc/arm-none-eabi/8.2.0/../../../../arm-none-eabi/lib/thumb\libg.a(lib_a-findfp.o)
 .text._cleanup_r
                0x0000000002007800       0x14 c:/devkitpro/devkitarm/bin/../lib/gcc/arm-none-eabi/8.2.0/../../../../arm-none-eabi/lib/thumb\libg.a(lib_a-findfp.o)
                0x0000000002007800                _cleanup_r
 .text.__sinit  0x0000000002007814       0x64 c:/devkitpro/devkitarm/bin/../lib/gcc/arm-none-eabi/8.2.0/../../../../arm-none-eabi/lib/thumb\libg.a(lib_a-findfp.o)
                0x0000000002007814                __sinit
 .text.__sfp_lock_acquire
                0x0000000002007878       0x14 c:/devkitpro/devkitarm/bin/../lib/gcc/arm-none-eabi/8.2.0/../../../../arm-none-eabi/lib/thumb\libg.a(lib_a-findfp.o)
                0x0000000002007878                __sfp_lock_acquire
 .text.__sfp_lock_release
                0x000000000200788c       0x14 c:/devkitpro/devkitarm/bin/../lib/gcc/arm-none-eabi/8.2.0/../../../../arm-none-eabi/lib/thumb\libg.a(lib_a-findfp.o)
                0x000000000200788c                __sfp_lock_release
 .text._malloc_trim_r
                0x00000000020078a0       0xa4 c:/devkitpro/devkitarm/bin/../lib/gcc/arm-none-eabi/8.2.0/../../../../arm-none-eabi/lib/thumb\libg.a(lib_a-freer.o)
                0x00000000020078a0                _malloc_trim_r
 .text._free_r  0x0000000002007944      0x1e0 c:/devkitpro/devkitarm/bin/../lib/gcc/arm-none-eabi/8.2.0/../../../../arm-none-eabi/lib/thumb\libg.a(lib_a-freer.o)
                0x0000000002007944                _free_r
 .text.__sfvwrite_r
                0x0000000002007b24      0x348 c:/devkitpro/devkitarm/bin/../lib/gcc/arm-none-eabi/8.2.0/../../../../arm-none-eabi/lib/thumb\libg.a(lib_a-fvwrite.o)
                0x0000000002007b24                __sfvwrite_r
 .text._fwalk_reent
                0x0000000002007e6c       0x54 c:/devkitpro/devkitarm/bin/../lib/gcc/arm-none-eabi/8.2.0/../../../../arm-none-eabi/lib/thumb\libg.a(lib_a-fwalk.o)
                0x0000000002007e6c                _fwalk_reent
 .text.iswspace
                0x0000000002007ec0       0x78 c:/devkitpro/devkitarm/bin/../lib/gcc/arm-none-eabi/8.2.0/../../../../arm-none-eabi/lib/thumb\libg.a(lib_a-iswspace.o)
                0x0000000002007ec0                iswspace
 .text.__jp2uc  0x0000000002007f38      0x190 c:/devkitpro/devkitarm/bin/../lib/gcc/arm-none-eabi/8.2.0/../../../../arm-none-eabi/lib/thumb\libg.a(lib_a-jp2uc.o)
 .text._jp2uc   0x00000000020080c8       0x8c c:/devkitpro/devkitarm/bin/../lib/gcc/arm-none-eabi/8.2.0/../../../../arm-none-eabi/lib/thumb\libg.a(lib_a-jp2uc.o)
                0x00000000020080c8                _jp2uc
 .text._localeconv_r
                0x0000000002008154       0x1c c:/devkitpro/devkitarm/bin/../lib/gcc/arm-none-eabi/8.2.0/../../../../arm-none-eabi/lib/thumb\libg.a(lib_a-localeconv.o)
                0x0000000002008154                _localeconv_r
 .text.__locale_mb_cur_max
                0x0000000002008170       0x20 c:/devkitpro/devkitarm/bin/../lib/gcc/arm-none-eabi/8.2.0/../../../../arm-none-eabi/lib/thumb\libg.a(lib_a-locale.o)
                0x0000000002008170                __locale_mb_cur_max
 .text.__locale_ctype_ptr_l
                0x0000000002008190        0x8 c:/devkitpro/devkitarm/bin/../lib/gcc/arm-none-eabi/8.2.0/../../../../arm-none-eabi/lib/thumb\libg.a(lib_a-locale.o)
                0x0000000002008190                __locale_ctype_ptr_l
 .text.__locale_ctype_ptr
                0x0000000002008198       0x20 c:/devkitpro/devkitarm/bin/../lib/gcc/arm-none-eabi/8.2.0/../../../../arm-none-eabi/lib/thumb\libg.a(lib_a-locale.o)
                0x0000000002008198                __locale_ctype_ptr
 .text.__swhatbuf_r
                0x00000000020081b8       0x64 c:/devkitpro/devkitarm/bin/../lib/gcc/arm-none-eabi/8.2.0/../../../../arm-none-eabi/lib/thumb\libg.a(lib_a-makebuf.o)
                0x00000000020081b8                __swhatbuf_r
 .text.__smakebuf_r
                0x000000000200821c       0x98 c:/devkitpro/devkitarm/bin/../lib/gcc/arm-none-eabi/8.2.0/../../../../arm-none-eabi/lib/thumb\libg.a(lib_a-makebuf.o)
                0x000000000200821c                __smakebuf_r
 .text.malloc   0x00000000020082b4       0x14 c:/devkitpro/devkitarm/bin/../lib/gcc/arm-none-eabi/8.2.0/../../../../arm-none-eabi/lib/thumb\libg.a(lib_a-malloc.o)
                0x00000000020082b4                malloc
 .text.free     0x00000000020082c8       0x14 c:/devkitpro/devkitarm/bin/../lib/gcc/arm-none-eabi/8.2.0/../../../../arm-none-eabi/lib/thumb\libg.a(lib_a-malloc.o)
                0x00000000020082c8                free
 .text._malloc_r
                0x00000000020082dc      0x560 c:/devkitpro/devkitarm/bin/../lib/gcc/arm-none-eabi/8.2.0/../../../../arm-none-eabi/lib/thumb\libg.a(lib_a-mallocr.o)
                0x00000000020082dc                _malloc_r
 .text._mbrtowc_r
                0x000000000200883c       0x94 c:/devkitpro/devkitarm/bin/../lib/gcc/arm-none-eabi/8.2.0/../../../../arm-none-eabi/lib/thumb\libg.a(lib_a-mbrtowc.o)
                0x000000000200883c                _mbrtowc_r
 .text.__utf8_mbtowc
                0x00000000020088d0      0x294 c:/devkitpro/devkitarm/bin/../lib/gcc/arm-none-eabi/8.2.0/../../../../arm-none-eabi/lib/thumb\libg.a(lib_a-mbtowc_r.o)
                0x00000000020088d0                __utf8_mbtowc
 .text.memchr   0x0000000002008b64       0x84 c:/devkitpro/devkitarm/bin/../lib/gcc/arm-none-eabi/8.2.0/../../../../arm-none-eabi/lib/thumb\libg.a(lib_a-memchr-stub.o)
                0x0000000002008b64                memchr
 .text.memmove  0x0000000002008be8       0xb0 c:/devkitpro/devkitarm/bin/../lib/gcc/arm-none-eabi/8.2.0/../../../../arm-none-eabi/lib/thumb\libg.a(lib_a-memmove.o)
                0x0000000002008be8                memmove
 .text.__malloc_lock
                0x0000000002008c98       0x14 c:/devkitpro/devkitarm/bin/../lib/gcc/arm-none-eabi/8.2.0/../../../../arm-none-eabi/lib/thumb\libg.a(lib_a-mlock.o)
                0x0000000002008c98                __malloc_lock
 .text.__malloc_unlock
                0x0000000002008cac       0x14 c:/devkitpro/devkitarm/bin/../lib/gcc/arm-none-eabi/8.2.0/../../../../arm-none-eabi/lib/thumb\libg.a(lib_a-mlock.o)
                0x0000000002008cac                __malloc_unlock
 .text.realloc  0x0000000002008cc0       0x18 c:/devkitpro/devkitarm/bin/../lib/gcc/arm-none-eabi/8.2.0/../../../../arm-none-eabi/lib/thumb\libg.a(lib_a-realloc.o)
                0x0000000002008cc0                realloc
 .text._realloc_r
                0x0000000002008cd8      0x370 c:/devkitpro/devkitarm/bin/../lib/gcc/arm-none-eabi/8.2.0/../../../../arm-none-eabi/lib/thumb\libg.a(lib_a-reallocr.o)
                0x0000000002008cd8                _realloc_r
 .text.__sccl   0x0000000002009048       0x78 c:/devkitpro/devkitarm/bin/../lib/gcc/arm-none-eabi/8.2.0/../../../../arm-none-eabi/lib/thumb\libg.a(lib_a-sccl.o)
                0x0000000002009048                __sccl
 .text.strncpy  0x00000000020090c0       0x84 c:/devkitpro/devkitarm/bin/../lib/gcc/arm-none-eabi/8.2.0/../../../../arm-none-eabi/lib/thumb\libg.a(lib_a-strncpy.o)
                0x00000000020090c0                strncpy
 .text._strtoll_l.isra.0
                0x0000000002009144      0x1c4 c:/devkitpro/devkitarm/bin/../lib/gcc/arm-none-eabi/8.2.0/../../../../arm-none-eabi/lib/thumb\libg.a(lib_a-strtoll.o)
 .text._strtoll_r
                0x0000000002009308       0x34 c:/devkitpro/devkitarm/bin/../lib/gcc/arm-none-eabi/8.2.0/../../../../arm-none-eabi/lib/thumb\libg.a(lib_a-strtoll.o)
                0x0000000002009308                _strtoll_r
 .text._strtol_l.isra.0
                0x000000000200933c      0x15c c:/devkitpro/devkitarm/bin/../lib/gcc/arm-none-eabi/8.2.0/../../../../arm-none-eabi/lib/thumb\libg.a(lib_a-strtol.o)
 .text._strtol_r
                0x0000000002009498       0x34 c:/devkitpro/devkitarm/bin/../lib/gcc/arm-none-eabi/8.2.0/../../../../arm-none-eabi/lib/thumb\libg.a(lib_a-strtol.o)
                0x0000000002009498                _strtol_r
 .text._strtoull_l.isra.0
                0x00000000020094cc      0x1d4 c:/devkitpro/devkitarm/bin/../lib/gcc/arm-none-eabi/8.2.0/../../../../arm-none-eabi/lib/thumb\libg.a(lib_a-strtoull.o)
 .text._strtoull_r
                0x00000000020096a0       0x34 c:/devkitpro/devkitarm/bin/../lib/gcc/arm-none-eabi/8.2.0/../../../../arm-none-eabi/lib/thumb\libg.a(lib_a-strtoull.o)
                0x00000000020096a0                _strtoull_r
 .text._strtoul_l.isra.0
                0x00000000020096d4      0x14c c:/devkitpro/devkitarm/bin/../lib/gcc/arm-none-eabi/8.2.0/../../../../arm-none-eabi/lib/thumb\libg.a(lib_a-strtoul.o)
 .text._strtoul_r
                0x0000000002009820       0x34 c:/devkitpro/devkitarm/bin/../lib/gcc/arm-none-eabi/8.2.0/../../../../arm-none-eabi/lib/thumb\libg.a(lib_a-strtoul.o)
                0x0000000002009820                _strtoul_r
 .text._wcsnrtombs_l
                0x0000000002009854      0x134 c:/devkitpro/devkitarm/bin/../lib/gcc/arm-none-eabi/8.2.0/../../../../arm-none-eabi/lib/thumb\libg.a(lib_a-wcsnrtombs.o)
                0x0000000002009854                _wcsnrtombs_l
 .text._wcsnrtombs_r
                0x0000000002009988       0x40 c:/devkitpro/devkitarm/bin/../lib/gcc/arm-none-eabi/8.2.0/../../../../arm-none-eabi/lib/thumb\libg.a(lib_a-wcsnrtombs.o)
                0x0000000002009988                _wcsnrtombs_r
 .text.__utf8_wctomb
                0x00000000020099c8       0xbc c:/devkitpro/devkitarm/bin/../lib/gcc/arm-none-eabi/8.2.0/../../../../arm-none-eabi/lib/thumb\libg.a(lib_a-wctomb_r.o)
                0x00000000020099c8                __utf8_wctomb
 .text._fclose_r
                0x0000000002009a84       0xe4 c:/devkitpro/devkitarm/bin/../lib/gcc/arm-none-eabi/8.2.0/../../../../arm-none-eabi/lib/thumb\libg.a(lib_a-fclose.o)
                0x0000000002009a84                _fclose_r
 .text.null_write
                0x0000000002009b68        0x4 c:/devkitpro/devkitarm/bin/../lib/gcc/arm-none-eabi/8.2.0/../../../../arm-none-eabi/lib/thumb\libsysbase.a(iosupport.o)
 .text._close_r
                0x0000000002009b6c       0x5c c:/devkitpro/devkitarm/bin/../lib/gcc/arm-none-eabi/8.2.0/../../../../arm-none-eabi/lib/thumb\libsysbase.a(close.o)
                0x0000000002009b6c                _close_r
 .text._fstat_r
                0x0000000002009bc8       0x4c c:/devkitpro/devkitarm/bin/../lib/gcc/arm-none-eabi/8.2.0/../../../../arm-none-eabi/lib/thumb\libsysbase.a(fstat.o)
                0x0000000002009bc8                _fstat_r
 .text._isatty_r
                0x0000000002009c14        0x4 c:/devkitpro/devkitarm/bin/../lib/gcc/arm-none-eabi/8.2.0/../../../../arm-none-eabi/lib/thumb\libsysbase.a(isatty.o)
                0x0000000002009c14                _isatty_r
 .text._lseek_r
                0x0000000002009c18       0x5c c:/devkitpro/devkitarm/bin/../lib/gcc/arm-none-eabi/8.2.0/../../../../arm-none-eabi/lib/thumb\libsysbase.a(lseek.o)
                0x0000000002009c18                _lseek_r
 .text._read_r  0x0000000002009c74       0x50 c:/devkitpro/devkitarm/bin/../lib/gcc/arm-none-eabi/8.2.0/../../../../arm-none-eabi/lib/thumb\libsysbase.a(read.o)
                0x0000000002009c74                _read_r
 .text._sbrk_r  0x0000000002009cc4       0x54 c:/devkitpro/devkitarm/bin/../lib/gcc/arm-none-eabi/8.2.0/../../../../arm-none-eabi/lib/thumb\libsysbase.a(sbrk.o)
                0x0000000002009cc4                _sbrk_r
 .text._write_r
                0x0000000002009d18       0x50 c:/devkitpro/devkitarm/bin/../lib/gcc/arm-none-eabi/8.2.0/../../../../arm-none-eabi/lib/thumb\libsysbase.a(write.o)
                0x0000000002009d18                _write_r
 .text.build_argv
                0x0000000002009d68       0x4c c:/devkitpro/devkitarm/bin/../lib/gcc/arm-none-eabi/8.2.0/../../../../arm-none-eabi/lib/thumb\libsysbase.a(build_argv.o)
                0x0000000002009d68                build_argv
 .text.__flockfile
                0x0000000002009db4       0x10 c:/devkitpro/devkitarm/bin/../lib/gcc/arm-none-eabi/8.2.0/../../../../arm-none-eabi/lib/thumb\libsysbase.a(flock.o)
                0x0000000002009db4                __flockfile
 .text.__funlockfile
                0x0000000002009dc4       0x10 c:/devkitpro/devkitarm/bin/../lib/gcc/arm-none-eabi/8.2.0/../../../../arm-none-eabi/lib/thumb\libsysbase.a(flock.o)
                0x0000000002009dc4                __funlockfile
 .text.__libc_lock_acquire
                0x0000000002009dd4       0x1c c:/devkitpro/devkitarm/bin/../lib/gcc/arm-none-eabi/8.2.0/../../../../arm-none-eabi/lib/thumb\libsysbase.a(syscall_support.o)
                0x0000000002009dd4                __libc_lock_acquire
 .text.__libc_lock_release
                0x0000000002009df0       0x1c c:/devkitpro/devkitarm/bin/../lib/gcc/arm-none-eabi/8.2.0/../../../../arm-none-eabi/lib/thumb\libsysbase.a(syscall_support.o)
                0x0000000002009df0                __libc_lock_release
 .text.__libc_lock_init_recursive
                0x0000000002009e0c       0x1c c:/devkitpro/devkitarm/bin/../lib/gcc/arm-none-eabi/8.2.0/../../../../arm-none-eabi/lib/thumb\libsysbase.a(syscall_support.o)
                0x0000000002009e0c                __libc_lock_init_recursive
 .text.__libc_lock_acquire_recursive
                0x0000000002009e28       0x1c c:/devkitpro/devkitarm/bin/../lib/gcc/arm-none-eabi/8.2.0/../../../../arm-none-eabi/lib/thumb\libsysbase.a(syscall_support.o)
                0x0000000002009e28                __libc_lock_acquire_recursive
 .text.__libc_lock_release_recursive
                0x0000000002009e44       0x1c c:/devkitpro/devkitarm/bin/../lib/gcc/arm-none-eabi/8.2.0/../../../../arm-none-eabi/lib/thumb\libsysbase.a(syscall_support.o)
                0x0000000002009e44                __libc_lock_release_recursive
 .text.__libc_lock_close_recursive
                0x0000000002009e60       0x1c c:/devkitpro/devkitarm/bin/../lib/gcc/arm-none-eabi/8.2.0/../../../../arm-none-eabi/lib/thumb\libsysbase.a(syscall_support.o)
                0x0000000002009e60                __libc_lock_close_recursive
 .text.__release_handle
                0x0000000002009e7c       0x6c c:/devkitpro/devkitarm/bin/../lib/gcc/arm-none-eabi/8.2.0/../../../../arm-none-eabi/lib/thumb\libsysbase.a(handle_manager.o)
                0x0000000002009e7c                __release_handle
 .text.__get_handle
                0x0000000002009ee8       0x1c c:/devkitpro/devkitarm/bin/../lib/gcc/arm-none-eabi/8.2.0/../../../../arm-none-eabi/lib/thumb\libsysbase.a(handle_manager.o)
                0x0000000002009ee8                __get_handle
 .text.__getreent
                0x0000000002009f04       0x28 c:/devkitpro/devkitarm/bin/../lib/gcc/arm-none-eabi/8.2.0/../../../../arm-none-eabi/lib/thumb\libsysbase.a(getreent.o)
                0x0000000002009f04                __getreent
 .text.__muldi3
                0x0000000002009f2c       0x60 c:/devkitpro/devkitarm/bin/../lib/gcc/arm-none-eabi/8.2.0/thumb\libgcc.a(_muldi3.o)
                0x0000000002009f2c                __muldi3
                0x0000000002009f2c                __aeabi_lmul
 .text.__udivmoddi4
                0x0000000002009f8c      0x1a8 c:/devkitpro/devkitarm/bin/../lib/gcc/arm-none-eabi/8.2.0/thumb\libgcc.a(_udivmoddi4.o)
                0x0000000002009f8c                __udivmoddi4
 *fill*         0x000000000200a134        0x4 ff
 .text.__udivmoddi4.__stub
                0x000000000200a138       0x90 linker stubs
 *(EXCLUDE_FILE(*.twl*) .gnu.warning)
 *(EXCLUDE_FILE(*.twl*) .gnu.linkonce.t*)
 *(.glue_7)
 .glue_7        0x000000000200a1d8        0x0 linker stubs
 *(.glue_7t)
 .glue_7t       0x000000000200a1d8        0x0 linker stubs
                0x000000000200a1d8                . = ALIGN (0x4)

.vfp11_veneer   0x000000000200a1d8        0x0
 .vfp11_veneer  0x000000000200a1d8        0x0 linker stubs

.v4_bx          0x000000000200a1d8        0x0
 .v4_bx         0x000000000200a1d8        0x0 linker stubs

.iplt           0x000000000200a1d8        0x0
 .iplt          0x000000000200a1d8        0x0 c:/devkitpro/devkitarm/bin/../lib/gcc/arm-none-eabi/8.2.0/../../../../arm-none-eabi/lib/thumb/ds_arm9_crt0.o

.fini           0x000000000200a1d8        0xc
 *(.fini)
 .fini          0x000000000200a1d8        0x4 c:/devkitpro/devkitarm/bin/../lib/gcc/arm-none-eabi/8.2.0/thumb/crti.o
                0x000000000200a1d8                _fini
 .fini          0x000000000200a1dc        0x8 c:/devkitpro/devkitarm/bin/../lib/gcc/arm-none-eabi/8.2.0/thumb/crtn.o
                0x000000000200a1e4                __text_end = .

.rodata         0x000000000200a1e4     0x5cc0
 *(EXCLUDE_FILE(*.twl*) .rodata)
 .rodata        0x000000000200a1e4     0x2004 C:/devkitPro/libnds/lib\libnds9.a(default_font.bin.o)
                0x000000000200a1e4                default_font_bin
                0x000000000200c1e4                default_font_bin_size
                0x000000000200c1e4                default_font_bin_end
 *all.rodata*(*)
 *(EXCLUDE_FILE(*.twl*) .roda)
 *(EXCLUDE_FILE(*.twl*) .rodata.*)
 .rodata.str1.4
                0x000000000200c1e8       0xb1 main.o
 *fill*         0x000000000200c299        0x3 ff
 .rodata.str1.4
                0x000000000200c29c       0x34 Player.o
 .rodata.str1.4
                0x000000000200c2d0       0x3b Grid.o
 *fill*         0x000000000200c30b        0x1 ff
 .rodata.con_write
                0x000000000200c30c       0xd4 C:/devkitPro/libnds/lib\libnds9.a(console.o)
 .rodata.con_write.str1.4
                0x000000000200c3e0       0x30 C:/devkitPro/libnds/lib\libnds9.a(console.o)
 .rodata.dotab_stdout
                0x000000000200c410       0x70 C:/devkitPro/libnds/lib\libnds9.a(console.o)
 .rodata.str1.4
                0x000000000200c480       0x14 C:/devkitPro/libnds/lib\libnds9.a(console.o)
 .rodata.SIN_LUT
                0x000000000200c494      0x102 C:/devkitPro/libnds/lib\libnds9.a(trig.o)
                0x000000000200c494                SIN_LUT
 *fill*         0x000000000200c596        0x2 ff
 .rodata.basefix.6948
                0x000000000200c598       0x22 c:/devkitpro/devkitarm/bin/../lib/gcc/arm-none-eabi/8.2.0/../../../../arm-none-eabi/lib/thumb\libg.a(lib_a-svfiscanf.o)
 .rodata._vfiprintf_r.str1.1
                0x000000000200c5ba       0x29 c:/devkitpro/devkitarm/bin/../lib/gcc/arm-none-eabi/8.2.0/../../../../arm-none-eabi/lib/thumb\libg.a(lib_a-vfiprintf.o)
 *fill*         0x000000000200c5e3        0x1 ff
 .rodata.blanks.7381
                0x000000000200c5e4       0x10 c:/devkitpro/devkitarm/bin/../lib/gcc/arm-none-eabi/8.2.0/../../../../arm-none-eabi/lib/thumb\libg.a(lib_a-vfiprintf.o)
 .rodata.zeroes.7382
                0x000000000200c5f4       0x10 c:/devkitpro/devkitarm/bin/../lib/gcc/arm-none-eabi/8.2.0/../../../../arm-none-eabi/lib/thumb\libg.a(lib_a-vfiprintf.o)
 .rodata.__jp2uc
                0x000000000200c604       0x20 c:/devkitpro/devkitarm/bin/../lib/gcc/arm-none-eabi/8.2.0/../../../../arm-none-eabi/lib/thumb\libg.a(lib_a-jp2uc.o)
 .rodata._jp2uc.str1.4
                0x000000000200c624       0x12 c:/devkitpro/devkitarm/bin/../lib/gcc/arm-none-eabi/8.2.0/../../../../arm-none-eabi/lib/thumb\libg.a(lib_a-jp2uc.o)
 *fill*         0x000000000200c636        0x2 ff
 .rodata.a1     0x000000000200c638       0xbc c:/devkitpro/devkitarm/bin/../lib/gcc/arm-none-eabi/8.2.0/../../../../arm-none-eabi/lib/thumb\libg.a(lib_a-jp2uc.o)
 .rodata.a2     0x000000000200c6f4       0xbc c:/devkitpro/devkitarm/bin/../lib/gcc/arm-none-eabi/8.2.0/../../../../arm-none-eabi/lib/thumb\libg.a(lib_a-jp2uc.o)
 .rodata.a3     0x000000000200c7b0       0x5b c:/devkitpro/devkitarm/bin/../lib/gcc/arm-none-eabi/8.2.0/../../../../arm-none-eabi/lib/thumb\libg.a(lib_a-jp2uc.o)
 *fill*         0x000000000200c80b        0x1 ff
 .rodata.a6     0x000000000200c80c       0x70 c:/devkitpro/devkitarm/bin/../lib/gcc/arm-none-eabi/8.2.0/../../../../arm-none-eabi/lib/thumb\libg.a(lib_a-jp2uc.o)
 .rodata.a7     0x000000000200c87c       0xa2 c:/devkitpro/devkitarm/bin/../lib/gcc/arm-none-eabi/8.2.0/../../../../arm-none-eabi/lib/thumb\libg.a(lib_a-jp2uc.o)
 *fill*         0x000000000200c91e        0x2 ff
 .rodata.a8     0x000000000200c920       0x40 c:/devkitpro/devkitarm/bin/../lib/gcc/arm-none-eabi/8.2.0/../../../../arm-none-eabi/lib/thumb\libg.a(lib_a-jp2uc.o)
 .rodata.b02cf  0x000000000200c960     0x172a c:/devkitpro/devkitarm/bin/../lib/gcc/arm-none-eabi/8.2.0/../../../../arm-none-eabi/lib/thumb\libg.a(lib_a-jp2uc.o)
 *fill*         0x000000000200e08a        0x2 ff
 .rodata.d02f4  0x000000000200e08c     0x1a7c c:/devkitpro/devkitarm/bin/../lib/gcc/arm-none-eabi/8.2.0/../../../../arm-none-eabi/lib/thumb\libg.a(lib_a-jp2uc.o)
 .rodata.str1.4
                0x000000000200fb08       0x48 c:/devkitpro/devkitarm/bin/../lib/gcc/arm-none-eabi/8.2.0/../../../../arm-none-eabi/lib/thumb\libg.a(lib_a-locale.o)
                                         0x4c (size before relaxing)
 .rodata._mbrtowc_r.str1.4
                0x000000000200fb50        0x1 c:/devkitpro/devkitarm/bin/../lib/gcc/arm-none-eabi/8.2.0/../../../../arm-none-eabi/lib/thumb\libg.a(lib_a-mbrtowc.o)
 .rodata.__action_table
                0x000000000200fb50       0x6c c:/devkitpro/devkitarm/bin/../lib/gcc/arm-none-eabi/8.2.0/../../../../arm-none-eabi/lib/thumb\libg.a(lib_a-svfiprintf.o)
                0x000000000200fb50                __action_table
 .rodata.__chclass
                0x000000000200fbbc      0x100 c:/devkitpro/devkitarm/bin/../lib/gcc/arm-none-eabi/8.2.0/../../../../arm-none-eabi/lib/thumb\libg.a(lib_a-svfiprintf.o)
                0x000000000200fbbc                __chclass
 .rodata.__state_table
                0x000000000200fcbc       0x6c c:/devkitpro/devkitarm/bin/../lib/gcc/arm-none-eabi/8.2.0/../../../../arm-none-eabi/lib/thumb\libg.a(lib_a-svfiprintf.o)
                0x000000000200fcbc                __state_table
 .rodata._ctype_
                0x000000000200fd28      0x101 c:/devkitpro/devkitarm/bin/../lib/gcc/arm-none-eabi/8.2.0/../../../../arm-none-eabi/lib/thumb\libg.a(lib_a-ctype_.o)
                0x000000000200fd28                _ctype_
 *fill*         0x000000000200fe29        0x3 ff
 .rodata.AddDevice.str1.4
                0x000000000200fe2c        0x8 c:/devkitpro/devkitarm/bin/../lib/gcc/arm-none-eabi/8.2.0/../../../../arm-none-eabi/lib/thumb\libsysbase.a(iosupport.o)
 .rodata.dotab_stdnull
                0x000000000200fe34       0x70 c:/devkitpro/devkitarm/bin/../lib/gcc/arm-none-eabi/8.2.0/../../../../arm-none-eabi/lib/thumb\libsysbase.a(iosupport.o)
                0x000000000200fe34                dotab_stdnull
 *(EXCLUDE_FILE(*.twl*) .gnu.linkonce.r*)
                0x000000000200fea4                . = ALIGN (0x4)

.ARM.extab
 *(.ARM.extab* .gnu.linkonce.armextab.*)
                0x000000000200fea4                __exidx_start = .

ARM.exidx
 *(.ARM.exidx* .gnu.linkonce.armexidx.*)
                0x000000000200fea4                __exidx_end = .
                0x000000000200fea4                . = ALIGN (0x4)
                0x000000000200fea4                PROVIDE (__preinit_array_start = .)

.preinit_array
 *(.preinit_array)
                0x000000000200fea4                PROVIDE (__preinit_array_end = .)
                0x000000000200fea4                PROVIDE (__init_array_start = .)

.init_array     0x000000000200fea4        0x4
 *(SORT_BY_NAME(.init_array.*))
 *(.init_array)
 .init_array    0x000000000200fea4        0x4 c:/devkitpro/devkitarm/bin/../lib/gcc/arm-none-eabi/8.2.0/thumb/crtbegin.o
                0x000000000200fea8                PROVIDE (__init_array_end = .)
                [!provide]                        PROVIDE (__fini_array_start = .)

.fini_array     0x000000000200fea8        0x4
 *(.fini_array)
 .fini_array    0x000000000200fea8        0x4 c:/devkitpro/devkitarm/bin/../lib/gcc/arm-none-eabi/8.2.0/thumb/crtbegin.o
 *(SORT_BY_NAME(.fini_array.*))
                [!provide]                        PROVIDE (__fini_array_end = .)

.ctors          0x000000000200feac        0x0
 *crtbegin.o(.ctors)
 *(EXCLUDE_FILE(*crtend.o) .ctors)
 *(SORT_BY_NAME(.ctors.*))
 *(.ctors)
                0x000000000200feac                . = ALIGN (0x4)

.dtors          0x000000000200feac        0x0
 *crtbegin.o(.dtors)
 *(EXCLUDE_FILE(*crtend.o) .dtors)
 *(SORT_BY_NAME(.dtors.*))
 *(.dtors)
                0x000000000200feac                . = ALIGN (0x4)

.eh_frame       0x000000000200feac        0x4
 *(.eh_frame)
 .eh_frame      0x000000000200feac        0x0 c:/devkitpro/devkitarm/bin/../lib/gcc/arm-none-eabi/8.2.0/thumb/crtbegin.o
 .eh_frame      0x000000000200feac        0x4 c:/devkitpro/devkitarm/bin/../lib/gcc/arm-none-eabi/8.2.0/thumb/crtend.o
                0x000000000200feb0                . = ALIGN (0x4)

.rel.dyn        0x000000000200feb0        0x0
 .rel.iplt      0x000000000200feb0        0x0 c:/devkitpro/devkitarm/bin/../lib/gcc/arm-none-eabi/8.2.0/../../../../arm-none-eabi/lib/thumb/ds_arm9_crt0.o

.gcc_except_table
                0x000000000200feb0        0x0
 *(.gcc_except_table)
                0x000000000200feb0                . = ALIGN (0x4)

.jcr
 *(.jcr)

.got
 *(.got.plt)
 *(.got)
 *(.rel.got)

.ewram          0x000000000200feb0        0x0
                0x000000000200feb0                __ewram_start = ABSOLUTE (.)
 *(.ewram)
 *ewram.*(.text)
                0x000000000200feb0                . = ALIGN (0x4)

.data           0x000000000200feb0     0x1bb4
                0x000000000200feb0                __data_start = ABSOLUTE (.)
 *(EXCLUDE_FILE(*.twl*) .data)
 .data          0x000000000200feb0       0x28 C:/devkitPro/libnds/lib\libnds9.a(mpu_setup.o)
 *(EXCLUDE_FILE(*.twl*) .data.*)
 .data.currentConsole
                0x000000000200fed8        0x4 C:/devkitPro/libnds/lib\libnds9.a(console.o)
                0x000000000200fed8                currentConsole
 .data.defaultConsole
                0x000000000200fedc       0x5c C:/devkitPro/libnds/lib\libnds9.a(console.o)
                0x000000000200fedc                defaultConsole
 .data.firstConsoleInit.6769
                0x000000000200ff38        0x1 C:/devkitPro/libnds/lib\libnds9.a(console.o)
 .data.count    0x000000000200ff39        0x1 C:/devkitPro/libnds/lib\libnds9.a(keys.o)
 .data.delay    0x000000000200ff3a        0x1 C:/devkitPro/libnds/lib\libnds9.a(keys.o)
 .data.repeat   0x000000000200ff3b        0x1 C:/devkitPro/libnds/lib\libnds9.a(keys.o)
 .data.fifo_buffer_free
                0x000000000200ff3c        0x4 C:/devkitPro/libnds/lib\libnds9.a(fifosystem.o)
                0x000000000200ff3c                fifo_buffer_free
 .data.fifo_freewords
                0x000000000200ff40        0x4 C:/devkitPro/libnds/lib\libnds9.a(fifosystem.o)
                0x000000000200ff40                fifo_freewords
 .data.fifo_receive_queue
                0x000000000200ff44        0x4 C:/devkitPro/libnds/lib\libnds9.a(fifosystem.o)
                0x000000000200ff44                fifo_receive_queue
 .data.fifo_send_queue
                0x000000000200ff48        0x4 C:/devkitPro/libnds/lib\libnds9.a(fifosystem.o)
                0x000000000200ff48                fifo_send_queue
 .data.bgControl
                0x000000000200ff4c       0x20 C:/devkitPro/libnds/lib\libnds9.a(background.o)
                0x000000000200ff4c                bgControl
 .data.bgScrollTable
                0x000000000200ff6c       0x20 C:/devkitPro/libnds/lib\libnds9.a(background.o)
                0x000000000200ff6c                bgScrollTable
 .data.bgTransform
                0x000000000200ff8c       0x20 C:/devkitPro/libnds/lib\libnds9.a(background.o)
                0x000000000200ff8c                bgTransform
 .data.__sfp_recursive_mutex
                0x000000000200ffac        0xc c:/devkitpro/devkitarm/bin/../lib/gcc/arm-none-eabi/8.2.0/../../../../arm-none-eabi/lib/thumb\libg.a(lib_a-findfp.o)
 .data.__sinit_recursive_mutex
                0x000000000200ffb8        0xc c:/devkitpro/devkitarm/bin/../lib/gcc/arm-none-eabi/8.2.0/../../../../arm-none-eabi/lib/thumb\libg.a(lib_a-findfp.o)
 .data._impure_ptr
                0x000000000200ffc4        0x4 c:/devkitpro/devkitarm/bin/../lib/gcc/arm-none-eabi/8.2.0/../../../../arm-none-eabi/lib/thumb\libg.a(lib_a-impure.o)
                0x000000000200ffc4                _impure_ptr
 *fill*         0x000000000200ffc8        0x0 ff
 .data.impure_data
                0x000000000200ffc8      0x460 c:/devkitpro/devkitarm/bin/../lib/gcc/arm-none-eabi/8.2.0/../../../../arm-none-eabi/lib/thumb\libg.a(lib_a-impure.o)
 .data.__global_locale
                0x0000000002010428      0x16c c:/devkitpro/devkitarm/bin/../lib/gcc/arm-none-eabi/8.2.0/../../../../arm-none-eabi/lib/thumb\libg.a(lib_a-locale.o)
                0x0000000002010428                __global_locale
 .data.__malloc_av_
                0x0000000002010594      0x408 c:/devkitpro/devkitarm/bin/../lib/gcc/arm-none-eabi/8.2.0/../../../../arm-none-eabi/lib/thumb\libg.a(lib_a-mallocr.o)
                0x0000000002010594                __malloc_av_
 .data.__malloc_sbrk_base
                0x000000000201099c        0x4 c:/devkitpro/devkitarm/bin/../lib/gcc/arm-none-eabi/8.2.0/../../../../arm-none-eabi/lib/thumb\libg.a(lib_a-mallocr.o)
                0x000000000201099c                __malloc_sbrk_base
 .data.__malloc_trim_threshold
                0x00000000020109a0        0x4 c:/devkitpro/devkitarm/bin/../lib/gcc/arm-none-eabi/8.2.0/../../../../arm-none-eabi/lib/thumb\libg.a(lib_a-mallocr.o)
                0x00000000020109a0                __malloc_trim_threshold
 .data.__malloc_recursive_mutex
                0x00000000020109a4        0xc c:/devkitpro/devkitarm/bin/../lib/gcc/arm-none-eabi/8.2.0/../../../../arm-none-eabi/lib/thumb\libg.a(lib_a-mlock.o)
 .data.devoptab_list
                0x00000000020109b0       0x8c c:/devkitpro/devkitarm/bin/../lib/gcc/arm-none-eabi/8.2.0/../../../../arm-none-eabi/lib/thumb\libsysbase.a(iosupport.o)
                0x00000000020109b0                devoptab_list
 .data.__hndl_lock
                0x0000000002010a3c        0x4 c:/devkitpro/devkitarm/bin/../lib/gcc/arm-none-eabi/8.2.0/../../../../arm-none-eabi/lib/thumb\libsysbase.a(handle_manager.o)
 .data.__stderr_handle
                0x0000000002010a40        0xc c:/devkitpro/devkitarm/bin/../lib/gcc/arm-none-eabi/8.2.0/../../../../arm-none-eabi/lib/thumb\libsysbase.a(handle_manager.o)
 .data.__stdin_handle
                0x0000000002010a4c        0xc c:/devkitpro/devkitarm/bin/../lib/gcc/arm-none-eabi/8.2.0/../../../../arm-none-eabi/lib/thumb\libsysbase.a(handle_manager.o)
 .data.__stdout_handle
                0x0000000002010a58        0xc c:/devkitpro/devkitarm/bin/../lib/gcc/arm-none-eabi/8.2.0/../../../../arm-none-eabi/lib/thumb\libsysbase.a(handle_manager.o)
 .data.handles  0x0000000002010a64     0x1000 c:/devkitpro/devkitarm/bin/../lib/gcc/arm-none-eabi/8.2.0/../../../../arm-none-eabi/lib/thumb\libsysbase.a(handle_manager.o)
 *(EXCLUDE_FILE(*.twl*) .gnu.linkonce.d*)
                0x0000000002011a64                . = ALIGN (0x4)
                0x0000000002011a64                __data_end = ABSOLUTE (.)
                0x0000000002011a64                __bss_vma = .

.igot.plt       0x0000000002011a64        0x0
 .igot.plt      0x0000000002011a64        0x0 c:/devkitpro/devkitarm/bin/../lib/gcc/arm-none-eabi/8.2.0/../../../../arm-none-eabi/lib/thumb/ds_arm9_crt0.o

.tm_clone_table
                0x0000000002011a64        0x0
 .tm_clone_table
                0x0000000002011a64        0x0 c:/devkitpro/devkitarm/bin/../lib/gcc/arm-none-eabi/8.2.0/thumb/crtbegin.o
 .tm_clone_table
                0x0000000002011a64        0x0 c:/devkitpro/devkitarm/bin/../lib/gcc/arm-none-eabi/8.2.0/thumb/crtend.o

.dtcm           0x000000000b000000        0x0 load address 0x0000000002011a64
                0x0000000002011a64                __dtcm_lma = LOADADDR (.dtcm)
                0x000000000b000000                __dtcm_start = ABSOLUTE (.)
 *(.dtcm)
 *(.dtcm.*)
                0x000000000b000000                . = ALIGN (0x4)
                0x000000000b000000                __dtcm_end = ABSOLUTE (.)

.itcm           0x0000000001000100      0x194 load address 0x0000000002011a64
                0x0000000002011a64                __itcm_lma = LOADADDR (.itcm)
                0x0000000001000100                __itcm_start = ABSOLUTE (.)
 *(.itcm)
 .itcm          0x0000000001000100       0xc8 C:/devkitPro/libnds/lib\libnds9.a(interrupts.o)
                0x0000000001000100                irqTable
 .itcm          0x00000000010001c8       0xcc C:/devkitPro/libnds/lib\libnds9.a(interruptDispatcher.o)
                0x00000000010001c8                IntrMain
 *.itcm*(.text .stub .text.*)
                0x0000000001000294                . = ALIGN (0x4)
                0x0000000001000294                __itcm_end = ABSOLUTE (.)

.vectors        0x0000000001000000        0x0 load address 0x0000000002011bf8
                0x0000000002011bf8                __vectors_lma = LOADADDR (.vectors)
                0x0000000001000000                __vectors_start = ABSOLUTE (.)
 *(.vectors .vectors.*)
                0x0000000001000000                . = ALIGN (0x4)
                0x0000000001000000                __vectors_end = ABSOLUTE (.)

.sbss           0x000000000b000000        0x0
                0x000000000b000000                __sbss_start = ABSOLUTE (.)
                0x000000000b000000                __sbss_start__ = ABSOLUTE (.)
 *(.sbss)
                0x000000000b000000                . = ALIGN (0x4)
                0x000000000b000000                __sbss_end = ABSOLUTE (.)

.bss            0x0000000002011a64      0xca0
                0x0000000002011a64                __bss_start = ABSOLUTE (.)
                0x0000000002011a64                __bss_start__ = ABSOLUTE (.)
 *(EXCLUDE_FILE(*.twl*) .dynbss)
 *(EXCLUDE_FILE(*.twl*) .gnu.linkonce.b*)
 *(EXCLUDE_FILE(*.twl*) .bss*)
 .bss.completed.9039
                0x0000000002011a64        0x1 c:/devkitpro/devkitarm/bin/../lib/gcc/arm-none-eabi/8.2.0/thumb/crtbegin.o
 *fill*         0x0000000002011a65        0x3 
 .bss.object.9044
                0x0000000002011a68       0x18 c:/devkitpro/devkitarm/bin/../lib/gcc/arm-none-eabi/8.2.0/thumb/crtbegin.o
 .bss.keys      0x0000000002011a80        0x2 C:/devkitPro/libnds/lib\libnds9.a(keys.o)
 .bss.keysold   0x0000000002011a82        0x2 C:/devkitPro/libnds/lib\libnds9.a(keys.o)
 .bss.keysrepeat
                0x0000000002011a84        0x2 C:/devkitPro/libnds/lib\libnds9.a(keys.o)
 *fill*         0x0000000002011a86        0x2 
 .bss.processing
                0x0000000002011a88        0x4 C:/devkitPro/libnds/lib\libnds9.a(fifosystem.o)
                0x0000000002011a88                processing
 .bss.SDcallback
                0x0000000002011a8c        0x4 C:/devkitPro/libnds/lib\libnds9.a(system.o)
 .bss.__malloc_current_mallinfo
                0x0000000002011a90       0x28 c:/devkitpro/devkitarm/bin/../lib/gcc/arm-none-eabi/8.2.0/../../../../arm-none-eabi/lib/thumb\libg.a(lib_a-mallocr.o)
                0x0000000002011a90                __malloc_current_mallinfo
 .bss.__malloc_max_sbrked_mem
                0x0000000002011ab8        0x4 c:/devkitpro/devkitarm/bin/../lib/gcc/arm-none-eabi/8.2.0/../../../../arm-none-eabi/lib/thumb\libg.a(lib_a-mallocr.o)
                0x0000000002011ab8                __malloc_max_sbrked_mem
 .bss.__malloc_max_total_mem
                0x0000000002011abc        0x4 c:/devkitpro/devkitarm/bin/../lib/gcc/arm-none-eabi/8.2.0/../../../../arm-none-eabi/lib/thumb\libg.a(lib_a-mallocr.o)
                0x0000000002011abc                __malloc_max_total_mem
 .bss.__malloc_top_pad
                0x0000000002011ac0        0x4 c:/devkitpro/devkitarm/bin/../lib/gcc/arm-none-eabi/8.2.0/../../../../arm-none-eabi/lib/thumb\libg.a(lib_a-mallocr.o)
                0x0000000002011ac0                __malloc_top_pad
 .bss.heap_start.6085
                0x0000000002011ac4        0x4 c:/devkitpro/devkitarm/bin/../lib/gcc/arm-none-eabi/8.2.0/../../../../arm-none-eabi/lib/thumb\libsysbase.a(sbrk.o)
 .bss.fake_heap_end
                0x0000000002011ac8        0x4 c:/devkitpro/devkitarm/bin/../lib/gcc/arm-none-eabi/8.2.0/../../../../arm-none-eabi/lib/thumb\libsysbase.a(malloc_vars.o)
                0x0000000002011ac8                fake_heap_end
 .bss.fake_heap_start
                0x0000000002011acc        0x4 c:/devkitpro/devkitarm/bin/../lib/gcc/arm-none-eabi/8.2.0/../../../../arm-none-eabi/lib/thumb\libsysbase.a(malloc_vars.o)
                0x0000000002011acc                fake_heap_start
 .bss.__syscalls
                0x0000000002011ad0       0x48 c:/devkitpro/devkitarm/bin/../lib/gcc/arm-none-eabi/8.2.0/../../../../arm-none-eabi/lib/thumb\libsysbase.a(syscall_support.o)
                0x0000000002011ad0                __syscalls
 *(EXCLUDE_FILE(*.twl*) COMMON)
 COMMON         0x0000000002011b18       0x5c C:/devkitPro/libnds/lib\libnds9.a(console.o)
                0x0000000002011b18                currentCopy
 COMMON         0x0000000002011b74        0x1 C:/devkitPro/libnds/lib\libnds9.a(initSystem.o)
                0x0000000002011b74                __dsimode
 *fill*         0x0000000002011b75        0x3 
 COMMON         0x0000000002011b78        0x4 C:/devkitPro/libnds/lib\libnds9.a(timeSupport.o)
                0x0000000002011b78                punixTime
 COMMON         0x0000000002011b7c      0xa40 C:/devkitPro/libnds/lib\libnds9.a(fifosystem.o)
                0x0000000002011b7c                fifo_datamsg_data
                0x0000000002011bbc                fifo_buffer
                0x00000000020123bc                fifo_value32_func
                0x00000000020123fc                fifo_address_func
                0x000000000201243c                fifo_value32_data
                0x000000000201247c                fifo_value32_queue
                0x00000000020124bc                fifo_data_queue
                0x00000000020124fc                fifo_address_data
                0x000000000201253c                fifo_datamsg_func
                0x000000000201257c                fifo_address_queue
 COMMON         0x00000000020125bc      0x148 C:/devkitPro/libnds/lib\libnds9.a(background.o)
                0x00000000020125bc                bgState
                0x00000000020126fc                bgIsTextLut
                0x0000000002012704                . = ALIGN (0x4)
                0x0000000002012704                __bss_end__ = ABSOLUTE (.)
                0x0000000002012704                __end__ = ABSOLUTE (.)

.twl            0x0000000002012704        0x0 load address 0x0000000002400000
                0x0000000002400000                __arm9i_lma__ = LOADADDR (.twl)
                0x0000000002012704                __arm9i_start__ = ABSOLUTE (.)
 *(.twl)
 *.twl*(.text .stub .text.* .gnu.linkonce.t.*)
 *.twl*(.rodata)
 *.twl*(.roda)
 *.twl*(.rodata.*)
 *.twl*(.data)
 *.twl*(.data.*)
 *.twl*(.gnu.linkonce.d*)
                0x0000000002012704                __arm9i_end__ = ABSOLUTE (.)

.twl_bss        0x0000000002012704        0x0
                0x0000000002012704                __twl_bss_start__ = ABSOLUTE (.)
 *(.twl_bss)
 *.twl*(.dynbss)
 *.twl*(.gnu.linkonce.b*)
 *.twl*(.bss*)
 *.twl*(COMMON)
                0x0000000002012704                . = ALIGN (0x4)
                0x0000000002012704                __twl_bss_end__ = ABSOLUTE (.)
                0x0000000002012704                __twl_end__ = ABSOLUTE (.)

.stab
 *(.stab)

.stabstr
 *(.stabstr)

.stab.excl
 *(.stab.excl)

.stab.exclstr
 *(.stab.exclstr)

.stab.index
 *(.stab.index)

.stab.indexstr
 *(.stab.indexstr)

.comment        0x0000000000000000       0x44
 *(.comment)
 .comment       0x0000000000000000       0x22 c:/devkitpro/devkitarm/bin/../lib/gcc/arm-none-eabi/8.2.0/thumb/crtbegin.o
                                         0x23 (size before relaxing)
 .comment       0x0000000000000022       0x23 main.o
 .comment       0x0000000000000022       0x23 Player.o
 .comment       0x0000000000000022       0x23 Grid.o
 .comment       0x0000000000000022       0x22 C:/devkitPro/libnds/lib\libnds9.a(touch.o)
                                         0x23 (size before relaxing)
 .comment       0x0000000000000044       0x23 C:/devkitPro/libnds/lib\libnds9.a(console.o)
 .comment       0x0000000000000044       0x23 C:/devkitPro/libnds/lib\libnds9.a(keys.o)
 .comment       0x0000000000000044       0x23 C:/devkitPro/libnds/lib\libnds9.a(initSystem.o)
 .comment       0x0000000000000044       0x23 C:/devkitPro/libnds/lib\libnds9.a(timeSupport.o)
 .comment       0x0000000000000044       0x23 C:/devkitPro/libnds/lib\libnds9.a(securearea.o)
 .comment       0x0000000000000044       0x23 C:/devkitPro/libnds/lib\libnds9.a(interrupts.o)
 .comment       0x0000000000000044       0x23 C:/devkitPro/libnds/lib\libnds9.a(libnds_exit.arm.o)
 .comment       0x0000000000000044       0x23 C:/devkitPro/libnds/lib\libnds9.a(fifosystem.o)
 .comment       0x0000000000000044       0x23 C:/devkitPro/libnds/lib\libnds9.a(background.o)
 .comment       0x0000000000000044       0x23 C:/devkitPro/libnds/lib\libnds9.a(video.o)
 .comment       0x0000000000000044       0x23 C:/devkitPro/libnds/lib\libnds9.a(system.o)
 .comment       0x0000000000000044       0x23 C:/devkitPro/libnds/lib\libnds9.a(trig.o)
 .comment       0x0000000000000044       0x23 c:/devkitpro/devkitarm/bin/../lib/gcc/arm-none-eabi/8.2.0/../../../../arm-none-eabi/lib/thumb\libg.a(lib_a-init.o)
 .comment       0x0000000000000044       0x23 c:/devkitpro/devkitarm/bin/../lib/gcc/arm-none-eabi/8.2.0/../../../../arm-none-eabi/lib/thumb\libg.a(lib_a-iprintf.o)
 .comment       0x0000000000000044       0x23 c:/devkitpro/devkitarm/bin/../lib/gcc/arm-none-eabi/8.2.0/../../../../arm-none-eabi/lib/thumb\libg.a(lib_a-memcpy-stub.o)
 .comment       0x0000000000000044       0x23 c:/devkitpro/devkitarm/bin/../lib/gcc/arm-none-eabi/8.2.0/../../../../arm-none-eabi/lib/thumb\libg.a(lib_a-memset.o)
 .comment       0x0000000000000044       0x23 c:/devkitpro/devkitarm/bin/../lib/gcc/arm-none-eabi/8.2.0/../../../../arm-none-eabi/lib/thumb\libg.a(lib_a-setvbuf.o)
 .comment       0x0000000000000044       0x23 c:/devkitpro/devkitarm/bin/../lib/gcc/arm-none-eabi/8.2.0/../../../../arm-none-eabi/lib/thumb\libg.a(lib_a-siscanf.o)
 .comment       0x0000000000000044       0x23 c:/devkitpro/devkitarm/bin/../lib/gcc/arm-none-eabi/8.2.0/../../../../arm-none-eabi/lib/thumb\libg.a(lib_a-stdio.o)
 .comment       0x0000000000000044       0x23 c:/devkitpro/devkitarm/bin/../lib/gcc/arm-none-eabi/8.2.0/../../../../arm-none-eabi/lib/thumb\libg.a(lib_a-strlen-stub.o)
 .comment       0x0000000000000044       0x23 c:/devkitpro/devkitarm/bin/../lib/gcc/arm-none-eabi/8.2.0/../../../../arm-none-eabi/lib/thumb\libg.a(lib_a-svfiscanf.o)
 .comment       0x0000000000000044       0x23 c:/devkitpro/devkitarm/bin/../lib/gcc/arm-none-eabi/8.2.0/../../../../arm-none-eabi/lib/thumb\libg.a(lib_a-ungetc.o)
 .comment       0x0000000000000044       0x23 c:/devkitpro/devkitarm/bin/../lib/gcc/arm-none-eabi/8.2.0/../../../../arm-none-eabi/lib/thumb\libg.a(lib_a-vfiprintf.o)
 .comment       0x0000000000000044       0x23 c:/devkitpro/devkitarm/bin/../lib/gcc/arm-none-eabi/8.2.0/../../../../arm-none-eabi/lib/thumb\libg.a(lib_a-wcrtomb.o)
 .comment       0x0000000000000044       0x23 c:/devkitpro/devkitarm/bin/../lib/gcc/arm-none-eabi/8.2.0/../../../../arm-none-eabi/lib/thumb\libg.a(lib_a-wcsrtombs.o)
 .comment       0x0000000000000044       0x23 c:/devkitpro/devkitarm/bin/../lib/gcc/arm-none-eabi/8.2.0/../../../../arm-none-eabi/lib/thumb\libg.a(lib_a-wsetup.o)
 .comment       0x0000000000000044       0x23 c:/devkitpro/devkitarm/bin/../lib/gcc/arm-none-eabi/8.2.0/../../../../arm-none-eabi/lib/thumb\libg.a(lib_a-fflush.o)
 .comment       0x0000000000000044       0x23 c:/devkitpro/devkitarm/bin/../lib/gcc/arm-none-eabi/8.2.0/../../../../arm-none-eabi/lib/thumb\libg.a(lib_a-findfp.o)
 .comment       0x0000000000000044       0x23 c:/devkitpro/devkitarm/bin/../lib/gcc/arm-none-eabi/8.2.0/../../../../arm-none-eabi/lib/thumb\libg.a(lib_a-freer.o)
 .comment       0x0000000000000044       0x23 c:/devkitpro/devkitarm/bin/../lib/gcc/arm-none-eabi/8.2.0/../../../../arm-none-eabi/lib/thumb\libg.a(lib_a-fvwrite.o)
 .comment       0x0000000000000044       0x23 c:/devkitpro/devkitarm/bin/../lib/gcc/arm-none-eabi/8.2.0/../../../../arm-none-eabi/lib/thumb\libg.a(lib_a-fwalk.o)
 .comment       0x0000000000000044       0x23 c:/devkitpro/devkitarm/bin/../lib/gcc/arm-none-eabi/8.2.0/../../../../arm-none-eabi/lib/thumb\libg.a(lib_a-impure.o)
 .comment       0x0000000000000044       0x23 c:/devkitpro/devkitarm/bin/../lib/gcc/arm-none-eabi/8.2.0/../../../../arm-none-eabi/lib/thumb\libg.a(lib_a-iswspace.o)
 .comment       0x0000000000000044       0x23 c:/devkitpro/devkitarm/bin/../lib/gcc/arm-none-eabi/8.2.0/../../../../arm-none-eabi/lib/thumb\libg.a(lib_a-jp2uc.o)
 .comment       0x0000000000000044       0x23 c:/devkitpro/devkitarm/bin/../lib/gcc/arm-none-eabi/8.2.0/../../../../arm-none-eabi/lib/thumb\libg.a(lib_a-localeconv.o)
 .comment       0x0000000000000044       0x23 c:/devkitpro/devkitarm/bin/../lib/gcc/arm-none-eabi/8.2.0/../../../../arm-none-eabi/lib/thumb\libg.a(lib_a-locale.o)
 .comment       0x0000000000000044       0x23 c:/devkitpro/devkitarm/bin/../lib/gcc/arm-none-eabi/8.2.0/../../../../arm-none-eabi/lib/thumb\libg.a(lib_a-makebuf.o)
 .comment       0x0000000000000044       0x23 c:/devkitpro/devkitarm/bin/../lib/gcc/arm-none-eabi/8.2.0/../../../../arm-none-eabi/lib/thumb\libg.a(lib_a-malloc.o)
 .comment       0x0000000000000044       0x23 c:/devkitpro/devkitarm/bin/../lib/gcc/arm-none-eabi/8.2.0/../../../../arm-none-eabi/lib/thumb\libg.a(lib_a-mallocr.o)
 .comment       0x0000000000000044       0x23 c:/devkitpro/devkitarm/bin/../lib/gcc/arm-none-eabi/8.2.0/../../../../arm-none-eabi/lib/thumb\libg.a(lib_a-mbrtowc.o)
 .comment       0x0000000000000044       0x23 c:/devkitpro/devkitarm/bin/../lib/gcc/arm-none-eabi/8.2.0/../../../../arm-none-eabi/lib/thumb\libg.a(lib_a-mbtowc_r.o)
 .comment       0x0000000000000044       0x23 c:/devkitpro/devkitarm/bin/../lib/gcc/arm-none-eabi/8.2.0/../../../../arm-none-eabi/lib/thumb\libg.a(lib_a-memchr-stub.o)
 .comment       0x0000000000000044       0x23 c:/devkitpro/devkitarm/bin/../lib/gcc/arm-none-eabi/8.2.0/../../../../arm-none-eabi/lib/thumb\libg.a(lib_a-memmove.o)
 .comment       0x0000000000000044       0x23 c:/devkitpro/devkitarm/bin/../lib/gcc/arm-none-eabi/8.2.0/../../../../arm-none-eabi/lib/thumb\libg.a(lib_a-mlock.o)
 .comment       0x0000000000000044       0x23 c:/devkitpro/devkitarm/bin/../lib/gcc/arm-none-eabi/8.2.0/../../../../arm-none-eabi/lib/thumb\libg.a(lib_a-realloc.o)
 .comment       0x0000000000000044       0x23 c:/devkitpro/devkitarm/bin/../lib/gcc/arm-none-eabi/8.2.0/../../../../arm-none-eabi/lib/thumb\libg.a(lib_a-reallocr.o)
 .comment       0x0000000000000044       0x23 c:/devkitpro/devkitarm/bin/../lib/gcc/arm-none-eabi/8.2.0/../../../../arm-none-eabi/lib/thumb\libg.a(lib_a-sccl.o)
 .comment       0x0000000000000044       0x23 c:/devkitpro/devkitarm/bin/../lib/gcc/arm-none-eabi/8.2.0/../../../../arm-none-eabi/lib/thumb\libg.a(lib_a-strncpy.o)
 .comment       0x0000000000000044       0x23 c:/devkitpro/devkitarm/bin/../lib/gcc/arm-none-eabi/8.2.0/../../../../arm-none-eabi/lib/thumb\libg.a(lib_a-strtoll.o)
 .comment       0x0000000000000044       0x23 c:/devkitpro/devkitarm/bin/../lib/gcc/arm-none-eabi/8.2.0/../../../../arm-none-eabi/lib/thumb\libg.a(lib_a-strtol.o)
 .comment       0x0000000000000044       0x23 c:/devkitpro/devkitarm/bin/../lib/gcc/arm-none-eabi/8.2.0/../../../../arm-none-eabi/lib/thumb\libg.a(lib_a-strtoull.o)
 .comment       0x0000000000000044       0x23 c:/devkitpro/devkitarm/bin/../lib/gcc/arm-none-eabi/8.2.0/../../../../arm-none-eabi/lib/thumb\libg.a(lib_a-strtoul.o)
 .comment       0x0000000000000044       0x23 c:/devkitpro/devkitarm/bin/../lib/gcc/arm-none-eabi/8.2.0/../../../../arm-none-eabi/lib/thumb\libg.a(lib_a-svfiprintf.o)
 .comment       0x0000000000000044       0x23 c:/devkitpro/devkitarm/bin/../lib/gcc/arm-none-eabi/8.2.0/../../../../arm-none-eabi/lib/thumb\libg.a(lib_a-wcsnrtombs.o)
 .comment       0x0000000000000044       0x23 c:/devkitpro/devkitarm/bin/../lib/gcc/arm-none-eabi/8.2.0/../../../../arm-none-eabi/lib/thumb\libg.a(lib_a-wctomb_r.o)
 .comment       0x0000000000000044       0x23 c:/devkitpro/devkitarm/bin/../lib/gcc/arm-none-eabi/8.2.0/../../../../arm-none-eabi/lib/thumb\libg.a(lib_a-ctype_.o)
 .comment       0x0000000000000044       0x23 c:/devkitpro/devkitarm/bin/../lib/gcc/arm-none-eabi/8.2.0/../../../../arm-none-eabi/lib/thumb\libg.a(lib_a-fclose.o)
 .comment       0x0000000000000044       0x23 c:/devkitpro/devkitarm/bin/../lib/gcc/arm-none-eabi/8.2.0/../../../../arm-none-eabi/lib/thumb\libsysbase.a(iosupport.o)
 .comment       0x0000000000000044       0x23 c:/devkitpro/devkitarm/bin/../lib/gcc/arm-none-eabi/8.2.0/../../../../arm-none-eabi/lib/thumb\libsysbase.a(close.o)
 .comment       0x0000000000000044       0x23 c:/devkitpro/devkitarm/bin/../lib/gcc/arm-none-eabi/8.2.0/../../../../arm-none-eabi/lib/thumb\libsysbase.a(fstat.o)
 .comment       0x0000000000000044       0x23 c:/devkitpro/devkitarm/bin/../lib/gcc/arm-none-eabi/8.2.0/../../../../arm-none-eabi/lib/thumb\libsysbase.a(isatty.o)
 .comment       0x0000000000000044       0x23 c:/devkitpro/devkitarm/bin/../lib/gcc/arm-none-eabi/8.2.0/../../../../arm-none-eabi/lib/thumb\libsysbase.a(lseek.o)
 .comment       0x0000000000000044       0x23 c:/devkitpro/devkitarm/bin/../lib/gcc/arm-none-eabi/8.2.0/../../../../arm-none-eabi/lib/thumb\libsysbase.a(read.o)
 .comment       0x0000000000000044       0x23 c:/devkitpro/devkitarm/bin/../lib/gcc/arm-none-eabi/8.2.0/../../../../arm-none-eabi/lib/thumb\libsysbase.a(sbrk.o)
 .comment       0x0000000000000044       0x23 c:/devkitpro/devkitarm/bin/../lib/gcc/arm-none-eabi/8.2.0/../../../../arm-none-eabi/lib/thumb\libsysbase.a(write.o)
 .comment       0x0000000000000044       0x23 c:/devkitpro/devkitarm/bin/../lib/gcc/arm-none-eabi/8.2.0/../../../../arm-none-eabi/lib/thumb\libsysbase.a(malloc_vars.o)
 .comment       0x0000000000000044       0x23 c:/devkitpro/devkitarm/bin/../lib/gcc/arm-none-eabi/8.2.0/../../../../arm-none-eabi/lib/thumb\libsysbase.a(build_argv.o)
 .comment       0x0000000000000044       0x23 c:/devkitpro/devkitarm/bin/../lib/gcc/arm-none-eabi/8.2.0/../../../../arm-none-eabi/lib/thumb\libsysbase.a(flock.o)
 .comment       0x0000000000000044       0x23 c:/devkitpro/devkitarm/bin/../lib/gcc/arm-none-eabi/8.2.0/../../../../arm-none-eabi/lib/thumb\libsysbase.a(syscall_support.o)
 .comment       0x0000000000000044       0x23 c:/devkitpro/devkitarm/bin/../lib/gcc/arm-none-eabi/8.2.0/../../../../arm-none-eabi/lib/thumb\libsysbase.a(handle_manager.o)
 .comment       0x0000000000000044       0x23 c:/devkitpro/devkitarm/bin/../lib/gcc/arm-none-eabi/8.2.0/../../../../arm-none-eabi/lib/thumb\libsysbase.a(getreent.o)
 .comment       0x0000000000000044       0x23 c:/devkitpro/devkitarm/bin/../lib/gcc/arm-none-eabi/8.2.0/thumb\libgcc.a(_muldi3.o)
 .comment       0x0000000000000044       0x23 c:/devkitpro/devkitarm/bin/../lib/gcc/arm-none-eabi/8.2.0/thumb\libgcc.a(_udivmoddi4.o)
 .comment       0x0000000000000044       0x23 c:/devkitpro/devkitarm/bin/../lib/gcc/arm-none-eabi/8.2.0/thumb/crtend.o

.ARM.attributes
                0x0000000000000000       0x2d
 .ARM.attributes
                0x0000000000000000       0x21 c:/devkitpro/devkitarm/bin/../lib/gcc/arm-none-eabi/8.2.0/../../../../arm-none-eabi/lib/thumb/ds_arm9_crt0.o
 .ARM.attributes
                0x0000000000000021       0x1c c:/devkitpro/devkitarm/bin/../lib/gcc/arm-none-eabi/8.2.0/thumb/crti.o
 .ARM.attributes
                0x000000000000003d       0x2a c:/devkitpro/devkitarm/bin/../lib/gcc/arm-none-eabi/8.2.0/thumb/crtbegin.o
 .ARM.attributes
                0x0000000000000067       0x27 main.o
 .ARM.attributes
                0x000000000000008e       0x27 Player.o
 .ARM.attributes
                0x00000000000000b5       0x27 Grid.o
 .ARM.attributes
                0x00000000000000dc       0x2b C:/devkitPro/libnds/lib\libnds9.a(touch.o)
 .ARM.attributes
                0x0000000000000107       0x2b C:/devkitPro/libnds/lib\libnds9.a(console.o)
 .ARM.attributes
                0x0000000000000132       0x2b C:/devkitPro/libnds/lib\libnds9.a(keys.o)
 .ARM.attributes
                0x000000000000015d       0x2b C:/devkitPro/libnds/lib\libnds9.a(initSystem.o)
 .ARM.attributes
                0x0000000000000188       0x2b C:/devkitPro/libnds/lib\libnds9.a(timeSupport.o)
 .ARM.attributes
                0x00000000000001b3       0x2b C:/devkitPro/libnds/lib\libnds9.a(securearea.o)
 .ARM.attributes
                0x00000000000001de       0x2b C:/devkitPro/libnds/lib\libnds9.a(interrupts.o)
 .ARM.attributes
                0x0000000000000209       0x2b C:/devkitPro/libnds/lib\libnds9.a(libnds_exit.arm.o)
 .ARM.attributes
                0x0000000000000234       0x2b C:/devkitPro/libnds/lib\libnds9.a(fifosystem.o)
 .ARM.attributes
                0x000000000000025f       0x21 C:/devkitPro/libnds/lib\libnds9.a(mpu_setup.o)
 .ARM.attributes
                0x0000000000000280       0x21 C:/devkitPro/libnds/lib\libnds9.a(IntrWait.o)
 .ARM.attributes
                0x00000000000002a1       0x21 C:/devkitPro/libnds/lib\libnds9.a(cpu_clock.o)
 .ARM.attributes
                0x00000000000002c2       0x1b C:/devkitPro/libnds/lib\libnds9.a(interruptDispatcher.o)
 .ARM.attributes
                0x00000000000002dd       0x21 C:/devkitPro/libnds/lib\libnds9.a(swiSoftReset.o)
 .ARM.attributes
                0x00000000000002fe       0x14 C:/devkitPro/libnds/lib\libnds9.a(default_font.bin.o)
 .ARM.attributes
                0x0000000000000312       0x2b C:/devkitPro/libnds/lib\libnds9.a(background.o)
 .ARM.attributes
                0x000000000000033d       0x2b C:/devkitPro/libnds/lib\libnds9.a(video.o)
 .ARM.attributes
                0x0000000000000368       0x2b C:/devkitPro/libnds/lib\libnds9.a(system.o)
 .ARM.attributes
                0x0000000000000393       0x2b C:/devkitPro/libnds/lib\libnds9.a(trig.o)
 .ARM.attributes
                0x00000000000003be       0x1b C:/devkitPro/libnds/lib\libnds9.a(biosCalls.o)
 .ARM.attributes
                0x00000000000003d9       0x1c c:/devkitpro/devkitarm/bin/../lib/gcc/arm-none-eabi/8.2.0/thumb\libgcc.a(_divsi3.o)
 .ARM.attributes
                0x00000000000003f5       0x1c c:/devkitpro/devkitarm/bin/../lib/gcc/arm-none-eabi/8.2.0/thumb\libgcc.a(_dvmd_tls.o)
 .ARM.attributes
                0x0000000000000411       0x2a c:/devkitpro/devkitarm/bin/../lib/gcc/arm-none-eabi/8.2.0/../../../../arm-none-eabi/lib/thumb\libg.a(lib_a-init.o)
 .ARM.attributes
                0x000000000000043b       0x2a c:/devkitpro/devkitarm/bin/../lib/gcc/arm-none-eabi/8.2.0/../../../../arm-none-eabi/lib/thumb\libg.a(lib_a-iprintf.o)
 .ARM.attributes
                0x0000000000000465       0x2a c:/devkitpro/devkitarm/bin/../lib/gcc/arm-none-eabi/8.2.0/../../../../arm-none-eabi/lib/thumb\libg.a(lib_a-memcpy-stub.o)
 .ARM.attributes
                0x000000000000048f       0x2a c:/devkitpro/devkitarm/bin/../lib/gcc/arm-none-eabi/8.2.0/../../../../arm-none-eabi/lib/thumb\libg.a(lib_a-memset.o)
 .ARM.attributes
                0x00000000000004b9       0x2a c:/devkitpro/devkitarm/bin/../lib/gcc/arm-none-eabi/8.2.0/../../../../arm-none-eabi/lib/thumb\libg.a(lib_a-setvbuf.o)
 .ARM.attributes
                0x00000000000004e3       0x2a c:/devkitpro/devkitarm/bin/../lib/gcc/arm-none-eabi/8.2.0/../../../../arm-none-eabi/lib/thumb\libg.a(lib_a-siscanf.o)
 .ARM.attributes
                0x000000000000050d       0x2a c:/devkitpro/devkitarm/bin/../lib/gcc/arm-none-eabi/8.2.0/../../../../arm-none-eabi/lib/thumb\libg.a(lib_a-stdio.o)
 .ARM.attributes
                0x0000000000000537       0x2a c:/devkitpro/devkitarm/bin/../lib/gcc/arm-none-eabi/8.2.0/../../../../arm-none-eabi/lib/thumb\libg.a(lib_a-strlen-stub.o)
 .ARM.attributes
                0x0000000000000561       0x2a c:/devkitpro/devkitarm/bin/../lib/gcc/arm-none-eabi/8.2.0/../../../../arm-none-eabi/lib/thumb\libg.a(lib_a-svfiscanf.o)
 .ARM.attributes
                0x000000000000058b       0x2a c:/devkitpro/devkitarm/bin/../lib/gcc/arm-none-eabi/8.2.0/../../../../arm-none-eabi/lib/thumb\libg.a(lib_a-ungetc.o)
 .ARM.attributes
                0x00000000000005b5       0x2a c:/devkitpro/devkitarm/bin/../lib/gcc/arm-none-eabi/8.2.0/../../../../arm-none-eabi/lib/thumb\libg.a(lib_a-vfiprintf.o)
 .ARM.attributes
                0x00000000000005df       0x2a c:/devkitpro/devkitarm/bin/../lib/gcc/arm-none-eabi/8.2.0/../../../../arm-none-eabi/lib/thumb\libg.a(lib_a-wcrtomb.o)
 .ARM.attributes
                0x0000000000000609       0x2a c:/devkitpro/devkitarm/bin/../lib/gcc/arm-none-eabi/8.2.0/../../../../arm-none-eabi/lib/thumb\libg.a(lib_a-wcsrtombs.o)
 .ARM.attributes
                0x0000000000000633       0x2a c:/devkitpro/devkitarm/bin/../lib/gcc/arm-none-eabi/8.2.0/../../../../arm-none-eabi/lib/thumb\libg.a(lib_a-wsetup.o)
 .ARM.attributes
                0x000000000000065d       0x2a c:/devkitpro/devkitarm/bin/../lib/gcc/arm-none-eabi/8.2.0/../../../../arm-none-eabi/lib/thumb\libg.a(lib_a-fflush.o)
 .ARM.attributes
                0x0000000000000687       0x2a c:/devkitpro/devkitarm/bin/../lib/gcc/arm-none-eabi/8.2.0/../../../../arm-none-eabi/lib/thumb\libg.a(lib_a-findfp.o)
 .ARM.attributes
                0x00000000000006b1       0x2a c:/devkitpro/devkitarm/bin/../lib/gcc/arm-none-eabi/8.2.0/../../../../arm-none-eabi/lib/thumb\libg.a(lib_a-freer.o)
 .ARM.attributes
                0x00000000000006db       0x2a c:/devkitpro/devkitarm/bin/../lib/gcc/arm-none-eabi/8.2.0/../../../../arm-none-eabi/lib/thumb\libg.a(lib_a-fvwrite.o)
 .ARM.attributes
                0x0000000000000705       0x2a c:/devkitpro/devkitarm/bin/../lib/gcc/arm-none-eabi/8.2.0/../../../../arm-none-eabi/lib/thumb\libg.a(lib_a-fwalk.o)
 .ARM.attributes
                0x000000000000072f       0x30 c:/devkitpro/devkitarm/bin/../lib/gcc/arm-none-eabi/8.2.0/../../../../arm-none-eabi/lib/thumb\libg.a(lib_a-impure.o)
 .ARM.attributes
                0x000000000000075f       0x2a c:/devkitpro/devkitarm/bin/../lib/gcc/arm-none-eabi/8.2.0/../../../../arm-none-eabi/lib/thumb\libg.a(lib_a-iswspace.o)
 .ARM.attributes
                0x0000000000000789       0x2a c:/devkitpro/devkitarm/bin/../lib/gcc/arm-none-eabi/8.2.0/../../../../arm-none-eabi/lib/thumb\libg.a(lib_a-jp2uc.o)
 .ARM.attributes
                0x00000000000007b3       0x2a c:/devkitpro/devkitarm/bin/../lib/gcc/arm-none-eabi/8.2.0/../../../../arm-none-eabi/lib/thumb\libg.a(lib_a-localeconv.o)
 .ARM.attributes
                0x00000000000007dd       0x2a c:/devkitpro/devkitarm/bin/../lib/gcc/arm-none-eabi/8.2.0/../../../../arm-none-eabi/lib/thumb\libg.a(lib_a-locale.o)
 .ARM.attributes
                0x0000000000000807       0x2a c:/devkitpro/devkitarm/bin/../lib/gcc/arm-none-eabi/8.2.0/../../../../arm-none-eabi/lib/thumb\libg.a(lib_a-makebuf.o)
 .ARM.attributes
                0x0000000000000831       0x2a c:/devkitpro/devkitarm/bin/../lib/gcc/arm-none-eabi/8.2.0/../../../../arm-none-eabi/lib/thumb\libg.a(lib_a-malloc.o)
 .ARM.attributes
                0x000000000000085b       0x2a c:/devkitpro/devkitarm/bin/../lib/gcc/arm-none-eabi/8.2.0/../../../../arm-none-eabi/lib/thumb\libg.a(lib_a-mallocr.o)
 .ARM.attributes
                0x0000000000000885       0x2a c:/devkitpro/devkitarm/bin/../lib/gcc/arm-none-eabi/8.2.0/../../../../arm-none-eabi/lib/thumb\libg.a(lib_a-mbrtowc.o)
 .ARM.attributes
                0x00000000000008af       0x2a c:/devkitpro/devkitarm/bin/../lib/gcc/arm-none-eabi/8.2.0/../../../../arm-none-eabi/lib/thumb\libg.a(lib_a-mbtowc_r.o)
 .ARM.attributes
                0x00000000000008d9       0x2a c:/devkitpro/devkitarm/bin/../lib/gcc/arm-none-eabi/8.2.0/../../../../arm-none-eabi/lib/thumb\libg.a(lib_a-memchr-stub.o)
 .ARM.attributes
                0x0000000000000903       0x2a c:/devkitpro/devkitarm/bin/../lib/gcc/arm-none-eabi/8.2.0/../../../../arm-none-eabi/lib/thumb\libg.a(lib_a-memmove.o)
 .ARM.attributes
                0x000000000000092d       0x2a c:/devkitpro/devkitarm/bin/../lib/gcc/arm-none-eabi/8.2.0/../../../../arm-none-eabi/lib/thumb\libg.a(lib_a-mlock.o)
 .ARM.attributes
                0x0000000000000957       0x2a c:/devkitpro/devkitarm/bin/../lib/gcc/arm-none-eabi/8.2.0/../../../../arm-none-eabi/lib/thumb\libg.a(lib_a-realloc.o)
 .ARM.attributes
                0x0000000000000981       0x2a c:/devkitpro/devkitarm/bin/../lib/gcc/arm-none-eabi/8.2.0/../../../../arm-none-eabi/lib/thumb\libg.a(lib_a-reallocr.o)
 .ARM.attributes
                0x00000000000009ab       0x2a c:/devkitpro/devkitarm/bin/../lib/gcc/arm-none-eabi/8.2.0/../../../../arm-none-eabi/lib/thumb\libg.a(lib_a-sccl.o)
 .ARM.attributes
                0x00000000000009d5       0x1a c:/devkitpro/devkitarm/bin/../lib/gcc/arm-none-eabi/8.2.0/../../../../arm-none-eabi/lib/thumb\libg.a(lib_a-strcmp.o)
 .ARM.attributes
                0x00000000000009ef       0x2a c:/devkitpro/devkitarm/bin/../lib/gcc/arm-none-eabi/8.2.0/../../../../arm-none-eabi/lib/thumb\libg.a(lib_a-strncpy.o)
 .ARM.attributes
                0x0000000000000a19       0x2a c:/devkitpro/devkitarm/bin/../lib/gcc/arm-none-eabi/8.2.0/../../../../arm-none-eabi/lib/thumb\libg.a(lib_a-strtoll.o)
 .ARM.attributes
                0x0000000000000a43       0x2a c:/devkitpro/devkitarm/bin/../lib/gcc/arm-none-eabi/8.2.0/../../../../arm-none-eabi/lib/thumb\libg.a(lib_a-strtol.o)
 .ARM.attributes
                0x0000000000000a6d       0x2a c:/devkitpro/devkitarm/bin/../lib/gcc/arm-none-eabi/8.2.0/../../../../arm-none-eabi/lib/thumb\libg.a(lib_a-strtoull.o)
 .ARM.attributes
                0x0000000000000a97       0x2a c:/devkitpro/devkitarm/bin/../lib/gcc/arm-none-eabi/8.2.0/../../../../arm-none-eabi/lib/thumb\libg.a(lib_a-strtoul.o)
 .ARM.attributes
                0x0000000000000ac1       0x2a c:/devkitpro/devkitarm/bin/../lib/gcc/arm-none-eabi/8.2.0/../../../../arm-none-eabi/lib/thumb\libg.a(lib_a-svfiprintf.o)
 .ARM.attributes
                0x0000000000000aeb       0x2a c:/devkitpro/devkitarm/bin/../lib/gcc/arm-none-eabi/8.2.0/../../../../arm-none-eabi/lib/thumb\libg.a(lib_a-wcsnrtombs.o)
 .ARM.attributes
                0x0000000000000b15       0x2a c:/devkitpro/devkitarm/bin/../lib/gcc/arm-none-eabi/8.2.0/../../../../arm-none-eabi/lib/thumb\libg.a(lib_a-wctomb_r.o)
 .ARM.attributes
                0x0000000000000b3f       0x2a c:/devkitpro/devkitarm/bin/../lib/gcc/arm-none-eabi/8.2.0/../../../../arm-none-eabi/lib/thumb\libg.a(lib_a-ctype_.o)
 .ARM.attributes
                0x0000000000000b69       0x2a c:/devkitpro/devkitarm/bin/../lib/gcc/arm-none-eabi/8.2.0/../../../../arm-none-eabi/lib/thumb\libg.a(lib_a-fclose.o)
 .ARM.attributes
                0x0000000000000b93       0x2a c:/devkitpro/devkitarm/bin/../lib/gcc/arm-none-eabi/8.2.0/../../../../arm-none-eabi/lib/thumb\libsysbase.a(iosupport.o)
 .ARM.attributes
                0x0000000000000bbd       0x2a c:/devkitpro/devkitarm/bin/../lib/gcc/arm-none-eabi/8.2.0/../../../../arm-none-eabi/lib/thumb\libsysbase.a(close.o)
 .ARM.attributes
                0x0000000000000be7       0x2a c:/devkitpro/devkitarm/bin/../lib/gcc/arm-none-eabi/8.2.0/../../../../arm-none-eabi/lib/thumb\libsysbase.a(fstat.o)
 .ARM.attributes
                0x0000000000000c11       0x2a c:/devkitpro/devkitarm/bin/../lib/gcc/arm-none-eabi/8.2.0/../../../../arm-none-eabi/lib/thumb\libsysbase.a(isatty.o)
 .ARM.attributes
                0x0000000000000c3b       0x2a c:/devkitpro/devkitarm/bin/../lib/gcc/arm-none-eabi/8.2.0/../../../../arm-none-eabi/lib/thumb\libsysbase.a(lseek.o)
 .ARM.attributes
                0x0000000000000c65       0x2a c:/devkitpro/devkitarm/bin/../lib/gcc/arm-none-eabi/8.2.0/../../../../arm-none-eabi/lib/thumb\libsysbase.a(read.o)
 .ARM.attributes
                0x0000000000000c8f       0x2a c:/devkitpro/devkitarm/bin/../lib/gcc/arm-none-eabi/8.2.0/../../../../arm-none-eabi/lib/thumb\libsysbase.a(sbrk.o)
 .ARM.attributes
                0x0000000000000cb9       0x2a c:/devkitpro/devkitarm/bin/../lib/gcc/arm-none-eabi/8.2.0/../../../../arm-none-eabi/lib/thumb\libsysbase.a(write.o)
 .ARM.attributes
                0x0000000000000ce3       0x30 c:/devkitpro/devkitarm/bin/../lib/gcc/arm-none-eabi/8.2.0/../../../../arm-none-eabi/lib/thumb\libsysbase.a(malloc_vars.o)
 .ARM.attributes
                0x0000000000000d13       0x2a c:/devkitpro/devkitarm/bin/../lib/gcc/arm-none-eabi/8.2.0/../../../../arm-none-eabi/lib/thumb\libsysbase.a(build_argv.o)
 .ARM.attributes
                0x0000000000000d3d       0x2a c:/devkitpro/devkitarm/bin/../lib/gcc/arm-none-eabi/8.2.0/../../../../arm-none-eabi/lib/thumb\libsysbase.a(flock.o)
 .ARM.attributes
                0x0000000000000d67       0x2a c:/devkitpro/devkitarm/bin/../lib/gcc/arm-none-eabi/8.2.0/../../../../arm-none-eabi/lib/thumb\libsysbase.a(syscall_support.o)
 .ARM.attributes
                0x0000000000000d91       0x2a c:/devkitpro/devkitarm/bin/../lib/gcc/arm-none-eabi/8.2.0/../../../../arm-none-eabi/lib/thumb\libsysbase.a(handle_manager.o)
 .ARM.attributes
                0x0000000000000dbb       0x2a c:/devkitpro/devkitarm/bin/../lib/gcc/arm-none-eabi/8.2.0/../../../../arm-none-eabi/lib/thumb\libsysbase.a(getreent.o)
 .ARM.attributes
                0x0000000000000de5       0x1c c:/devkitpro/devkitarm/bin/../lib/gcc/arm-none-eabi/8.2.0/thumb\libgcc.a(_thumb1_case_uqi.o)
 .ARM.attributes
                0x0000000000000e01       0x1c c:/devkitpro/devkitarm/bin/../lib/gcc/arm-none-eabi/8.2.0/thumb\libgcc.a(_thumb1_case_uhi.o)
 .ARM.attributes
                0x0000000000000e1d       0x1c c:/devkitpro/devkitarm/bin/../lib/gcc/arm-none-eabi/8.2.0/thumb\libgcc.a(_udivsi3.o)
 .ARM.attributes
                0x0000000000000e39       0x1c c:/devkitpro/devkitarm/bin/../lib/gcc/arm-none-eabi/8.2.0/thumb\libgcc.a(_aeabi_uldivmod.o)
 .ARM.attributes
                0x0000000000000e55       0x2a c:/devkitpro/devkitarm/bin/../lib/gcc/arm-none-eabi/8.2.0/thumb\libgcc.a(_muldi3.o)
 .ARM.attributes
                0x0000000000000e7f       0x2a c:/devkitpro/devkitarm/bin/../lib/gcc/arm-none-eabi/8.2.0/thumb\libgcc.a(_udivmoddi4.o)
 .ARM.attributes
                0x0000000000000ea9       0x1c c:/devkitpro/devkitarm/bin/../lib/gcc/arm-none-eabi/8.2.0/thumb\libgcc.a(_clzdi2.o)
 .ARM.attributes
                0x0000000000000ec5       0x1c c:/devkitpro/devkitarm/bin/../lib/gcc/arm-none-eabi/8.2.0/thumb\libgcc.a(_clzsi2.o)
 .ARM.attributes
                0x0000000000000ee1       0x30 c:/devkitpro/devkitarm/bin/../lib/gcc/arm-none-eabi/8.2.0/thumb/crtend.o
 .ARM.attributes
                0x0000000000000f11       0x1c c:/devkitpro/devkitarm/bin/../lib/gcc/arm-none-eabi/8.2.0/thumb/crtn.o

.debug
 *(.debug)

.line
 *(.line)

.debug_srcinfo
 *(.debug_srcinfo)

.debug_sfnames
 *(.debug_sfnames)

.debug_aranges  0x0000000000000000      0x5c8
 *(.debug_aranges)
 .debug_aranges
                0x0000000000000000       0x28 main.o
 .debug_aranges
                0x0000000000000028       0x20 Player.o
 .debug_aranges
                0x0000000000000048       0x20 Grid.o
 .debug_aranges
                0x0000000000000068       0x28 C:/devkitPro/libnds/lib\libnds9.a(touch.o)
 .debug_aranges
                0x0000000000000090       0x88 C:/devkitPro/libnds/lib\libnds9.a(console.o)
 .debug_aranges
                0x0000000000000118       0x50 C:/devkitPro/libnds/lib\libnds9.a(keys.o)
 .debug_aranges
                0x0000000000000168       0x20 C:/devkitPro/libnds/lib\libnds9.a(initSystem.o)
 .debug_aranges
                0x0000000000000188       0x20 C:/devkitPro/libnds/lib\libnds9.a(timeSupport.o)
 .debug_aranges
                0x00000000000001a8       0x18 C:/devkitPro/libnds/lib\libnds9.a(securearea.o)
 .debug_aranges
                0x00000000000001c0       0x50 C:/devkitPro/libnds/lib\libnds9.a(interrupts.o)
 .debug_aranges
                0x0000000000000210       0x28 C:/devkitPro/libnds/lib\libnds9.a(libnds_exit.arm.o)
 .debug_aranges
                0x0000000000000238       0xb8 C:/devkitPro/libnds/lib\libnds9.a(fifosystem.o)
 .debug_aranges
                0x00000000000002f0       0x30 C:/devkitPro/libnds/lib\libnds9.a(mpu_setup.o)
 .debug_aranges
                0x0000000000000320       0x28 C:/devkitPro/libnds/lib\libnds9.a(IntrWait.o)
 .debug_aranges
                0x0000000000000348       0x20 C:/devkitPro/libnds/lib\libnds9.a(cpu_clock.o)
 .debug_aranges
                0x0000000000000368       0x20 C:/devkitPro/libnds/lib\libnds9.a(interruptDispatcher.o)
 .debug_aranges
                0x0000000000000388       0x20 C:/devkitPro/libnds/lib\libnds9.a(swiSoftReset.o)
 .debug_aranges
                0x00000000000003a8       0x48 C:/devkitPro/libnds/lib\libnds9.a(background.o)
 .debug_aranges
                0x00000000000003f0       0x48 C:/devkitPro/libnds/lib\libnds9.a(video.o)
 .debug_aranges
                0x0000000000000438       0x68 C:/devkitPro/libnds/lib\libnds9.a(system.o)
 .debug_aranges
                0x00000000000004a0       0x60 C:/devkitPro/libnds/lib\libnds9.a(trig.o)
 .debug_aranges
                0x0000000000000500       0xc8 C:/devkitPro/libnds/lib\libnds9.a(biosCalls.o)

.debug_pubnames
 *(.debug_pubnames)

.debug_info     0x0000000000000000    0x14c19
 *(.debug_info)
 .debug_info    0x0000000000000000     0x2498 main.o
 .debug_info    0x0000000000002498     0x21ec Player.o
 .debug_info    0x0000000000004684     0x1fbe Grid.o
 .debug_info    0x0000000000006642      0xd37 C:/devkitPro/libnds/lib\libnds9.a(touch.o)
 .debug_info    0x0000000000007379     0x29f7 C:/devkitPro/libnds/lib\libnds9.a(console.o)
 .debug_info    0x0000000000009d70      0xe17 C:/devkitPro/libnds/lib\libnds9.a(keys.o)
 .debug_info    0x000000000000ab87     0x1f13 C:/devkitPro/libnds/lib\libnds9.a(initSystem.o)
 .debug_info    0x000000000000ca9a      0xab7 C:/devkitPro/libnds/lib\libnds9.a(timeSupport.o)
 .debug_info    0x000000000000d551       0x59 C:/devkitPro/libnds/lib\libnds9.a(securearea.o)
 .debug_info    0x000000000000d5aa      0x735 C:/devkitPro/libnds/lib\libnds9.a(interrupts.o)
 .debug_info    0x000000000000dcdf      0xd29 C:/devkitPro/libnds/lib\libnds9.a(libnds_exit.arm.o)
 .debug_info    0x000000000000ea08     0x2197 C:/devkitPro/libnds/lib\libnds9.a(fifosystem.o)
 .debug_info    0x0000000000010b9f       0x22 C:/devkitPro/libnds/lib\libnds9.a(mpu_setup.o)
 .debug_info    0x0000000000010bc1       0x22 C:/devkitPro/libnds/lib\libnds9.a(IntrWait.o)
 .debug_info    0x0000000000010be3       0x26 C:/devkitPro/libnds/lib\libnds9.a(cpu_clock.o)
 .debug_info    0x0000000000010c09       0x26 C:/devkitPro/libnds/lib\libnds9.a(interruptDispatcher.o)
 .debug_info    0x0000000000010c2f       0x26 C:/devkitPro/libnds/lib\libnds9.a(swiSoftReset.o)
 .debug_info    0x0000000000010c55     0x1424 C:/devkitPro/libnds/lib\libnds9.a(background.o)
 .debug_info    0x0000000000012079      0x7dd C:/devkitPro/libnds/lib\libnds9.a(video.o)
 .debug_info    0x0000000000012856     0x1482 C:/devkitPro/libnds/lib\libnds9.a(system.o)
 .debug_info    0x0000000000013cd8      0xf1f C:/devkitPro/libnds/lib\libnds9.a(trig.o)
 .debug_info    0x0000000000014bf7       0x22 C:/devkitPro/libnds/lib\libnds9.a(biosCalls.o)

.debug_abbrev   0x0000000000000000     0x3a0f
 *(.debug_abbrev)
 .debug_abbrev  0x0000000000000000      0x59d main.o
 .debug_abbrev  0x000000000000059d      0x51e Player.o
 .debug_abbrev  0x0000000000000abb      0x4ff Grid.o
 .debug_abbrev  0x0000000000000fba      0x26e C:/devkitPro/libnds/lib\libnds9.a(touch.o)
 .debug_abbrev  0x0000000000001228      0x5a0 C:/devkitPro/libnds/lib\libnds9.a(console.o)
 .debug_abbrev  0x00000000000017c8      0x2c8 C:/devkitPro/libnds/lib\libnds9.a(keys.o)
 .debug_abbrev  0x0000000000001a90      0x3af C:/devkitPro/libnds/lib\libnds9.a(initSystem.o)
 .debug_abbrev  0x0000000000001e3f      0x20b C:/devkitPro/libnds/lib\libnds9.a(timeSupport.o)
 .debug_abbrev  0x000000000000204a       0x47 C:/devkitPro/libnds/lib\libnds9.a(securearea.o)
 .debug_abbrev  0x0000000000002091      0x2f7 C:/devkitPro/libnds/lib\libnds9.a(interrupts.o)
 .debug_abbrev  0x0000000000002388      0x2d0 C:/devkitPro/libnds/lib\libnds9.a(libnds_exit.arm.o)
 .debug_abbrev  0x0000000000002658      0x59b C:/devkitPro/libnds/lib\libnds9.a(fifosystem.o)
 .debug_abbrev  0x0000000000002bf3       0x12 C:/devkitPro/libnds/lib\libnds9.a(mpu_setup.o)
 .debug_abbrev  0x0000000000002c05       0x12 C:/devkitPro/libnds/lib\libnds9.a(IntrWait.o)
 .debug_abbrev  0x0000000000002c17       0x14 C:/devkitPro/libnds/lib\libnds9.a(cpu_clock.o)
 .debug_abbrev  0x0000000000002c2b       0x14 C:/devkitPro/libnds/lib\libnds9.a(interruptDispatcher.o)
 .debug_abbrev  0x0000000000002c3f       0x14 C:/devkitPro/libnds/lib\libnds9.a(swiSoftReset.o)
 .debug_abbrev  0x0000000000002c53      0x416 C:/devkitPro/libnds/lib\libnds9.a(background.o)
 .debug_abbrev  0x0000000000003069      0x254 C:/devkitPro/libnds/lib\libnds9.a(video.o)
 .debug_abbrev  0x00000000000032bd      0x3cd C:/devkitPro/libnds/lib\libnds9.a(system.o)
 .debug_abbrev  0x000000000000368a      0x373 C:/devkitPro/libnds/lib\libnds9.a(trig.o)
 .debug_abbrev  0x00000000000039fd       0x12 C:/devkitPro/libnds/lib\libnds9.a(biosCalls.o)

.debug_line     0x0000000000000000     0x6e50